
===========================================================================
report_checks -path_delay max (Setup)
============================================================================
======================= Typical Corner ===================================

Startpoint: a[2] (input port clocked by clk)
Endpoint: prod[14] (output port clocked by clk)
Path Group: clk
Path Type: max

Fanout     Cap    Slew   Delay    Time   Description
-----------------------------------------------------------------------------
                  0.00    0.00    0.00   clock clk (rise edge)
                          0.00    0.00   clock network delay (ideal)
                          2.00    2.00 ^ input external delay
     5    0.02    0.09    0.07    2.07 ^ a[2] (in)
                                         a[2] (net)
                  0.09    0.00    2.07 ^ _507_/A (sky130_fd_sc_hd__buf_1)
    10    0.04    0.44    0.39    2.45 ^ _507_/X (sky130_fd_sc_hd__buf_1)
                                         _257_ (net)
                  0.44    0.00    2.45 ^ _508_/B (sky130_fd_sc_hd__nand2_2)
     2    0.00    0.09    0.09    2.54 v _508_/Y (sky130_fd_sc_hd__nand2_2)
                                         _258_ (net)
                  0.09    0.00    2.54 v _509_/B (sky130_fd_sc_hd__or3b_2)
     2    0.01    0.09    0.49    3.03 v _509_/X (sky130_fd_sc_hd__or3b_2)
                                         _259_ (net)
                  0.09    0.00    3.03 v _514_/A (sky130_fd_sc_hd__and3_2)
     3    0.02    0.07    0.24    3.27 v _514_/X (sky130_fd_sc_hd__and3_2)
                                         _264_ (net)
                  0.07    0.00    3.27 v _531_/A1 (sky130_fd_sc_hd__a21o_2)
     2    0.01    0.06    0.23    3.50 v _531_/X (sky130_fd_sc_hd__a21o_2)
                                         _280_ (net)
                  0.06    0.00    3.50 v _557_/A1 (sky130_fd_sc_hd__a21o_2)
     2    0.01    0.06    0.23    3.73 v _557_/X (sky130_fd_sc_hd__a21o_2)
                                         _306_ (net)
                  0.06    0.00    3.73 v _592_/A1 (sky130_fd_sc_hd__a21bo_2)
     2    0.01    0.06    0.23    3.96 v _592_/X (sky130_fd_sc_hd__a21bo_2)
                                         _027_ (net)
                  0.06    0.00    3.96 v _620_/B (sky130_fd_sc_hd__and2b_2)
     2    0.00    0.04    0.21    4.17 v _620_/X (sky130_fd_sc_hd__and2b_2)
                                         _055_ (net)
                  0.04    0.00    4.17 v _635_/D (sky130_fd_sc_hd__or4_2)
     2    0.01    0.12    0.58    4.75 v _635_/X (sky130_fd_sc_hd__or4_2)
                                         _070_ (net)
                  0.12    0.00    4.75 v _636_/B_N (sky130_fd_sc_hd__or2b_2)
     1    0.01    0.05    0.21    4.97 ^ _636_/X (sky130_fd_sc_hd__or2b_2)
                                         _071_ (net)
                  0.05    0.00    4.97 ^ _637_/B (sky130_fd_sc_hd__xnor2_2)
     2    0.01    0.07    0.08    5.04 v _637_/Y (sky130_fd_sc_hd__xnor2_2)
                                         _072_ (net)
                  0.07    0.00    5.04 v _638_/B (sky130_fd_sc_hd__xor2_2)
     2    0.01    0.08    0.17    5.22 v _638_/X (sky130_fd_sc_hd__xor2_2)
                                         _073_ (net)
                  0.08    0.00    5.22 v _640_/A2 (sky130_fd_sc_hd__a21o_2)
     2    0.01    0.06    0.26    5.48 v _640_/X (sky130_fd_sc_hd__a21o_2)
                                         _075_ (net)
                  0.06    0.00    5.48 v _348_/A1 (sky130_fd_sc_hd__a21o_2)
     2    0.01    0.06    0.23    5.71 v _348_/X (sky130_fd_sc_hd__a21o_2)
                                         _113_ (net)
                  0.06    0.00    5.71 v _387_/A1 (sky130_fd_sc_hd__a21o_2)
     2    0.01    0.06    0.23    5.93 v _387_/X (sky130_fd_sc_hd__a21o_2)
                                         _152_ (net)
                  0.06    0.00    5.93 v _417_/A1 (sky130_fd_sc_hd__a21o_2)
     2    0.01    0.06    0.23    6.16 v _417_/X (sky130_fd_sc_hd__a21o_2)
                                         _181_ (net)
                  0.06    0.00    6.16 v _443_/A1 (sky130_fd_sc_hd__a21o_2)
     3    0.02    0.06    0.24    6.39 v _443_/X (sky130_fd_sc_hd__a21o_2)
                                         _206_ (net)
                  0.06    0.00    6.40 v _474_/A (sky130_fd_sc_hd__and3_2)
     2    0.01    0.06    0.22    6.61 v _474_/X (sky130_fd_sc_hd__and3_2)
                                         _236_ (net)
                  0.06    0.00    6.61 v _485_/A (sky130_fd_sc_hd__xor2_2)
     1    0.03    0.43    0.41    7.02 ^ _485_/X (sky130_fd_sc_hd__xor2_2)
                                         prod[14] (net)
                  0.43    0.00    7.02 ^ prod[14] (out)
                                  7.02   data arrival time

                  0.00   10.00   10.00   clock clk (rise edge)
                          0.00   10.00   clock network delay (ideal)
                         -0.25    9.75   clock uncertainty
                          0.00    9.75   clock reconvergence pessimism
                         -2.00    7.75   output external delay
                                  7.75   data required time
-----------------------------------------------------------------------------
                                  7.75   data required time
                                 -7.02   data arrival time
-----------------------------------------------------------------------------
                                  0.73   slack (MET)


Startpoint: a[2] (input port clocked by clk)
Endpoint: prod[15] (output port clocked by clk)
Path Group: clk
Path Type: max

Fanout     Cap    Slew   Delay    Time   Description
-----------------------------------------------------------------------------
                  0.00    0.00    0.00   clock clk (rise edge)
                          0.00    0.00   clock network delay (ideal)
                          2.00    2.00 ^ input external delay
     5    0.02    0.09    0.07    2.07 ^ a[2] (in)
                                         a[2] (net)
                  0.09    0.00    2.07 ^ _507_/A (sky130_fd_sc_hd__buf_1)
    10    0.04    0.44    0.39    2.45 ^ _507_/X (sky130_fd_sc_hd__buf_1)
                                         _257_ (net)
                  0.44    0.00    2.45 ^ _508_/B (sky130_fd_sc_hd__nand2_2)
     2    0.00    0.09    0.09    2.54 v _508_/Y (sky130_fd_sc_hd__nand2_2)
                                         _258_ (net)
                  0.09    0.00    2.54 v _509_/B (sky130_fd_sc_hd__or3b_2)
     2    0.01    0.09    0.49    3.03 v _509_/X (sky130_fd_sc_hd__or3b_2)
                                         _259_ (net)
                  0.09    0.00    3.03 v _514_/A (sky130_fd_sc_hd__and3_2)
     3    0.02    0.07    0.24    3.27 v _514_/X (sky130_fd_sc_hd__and3_2)
                                         _264_ (net)
                  0.07    0.00    3.27 v _531_/A1 (sky130_fd_sc_hd__a21o_2)
     2    0.01    0.06    0.23    3.50 v _531_/X (sky130_fd_sc_hd__a21o_2)
                                         _280_ (net)
                  0.06    0.00    3.50 v _557_/A1 (sky130_fd_sc_hd__a21o_2)
     2    0.01    0.06    0.23    3.73 v _557_/X (sky130_fd_sc_hd__a21o_2)
                                         _306_ (net)
                  0.06    0.00    3.73 v _592_/A1 (sky130_fd_sc_hd__a21bo_2)
     2    0.01    0.06    0.23    3.96 v _592_/X (sky130_fd_sc_hd__a21bo_2)
                                         _027_ (net)
                  0.06    0.00    3.96 v _620_/B (sky130_fd_sc_hd__and2b_2)
     2    0.00    0.04    0.21    4.17 v _620_/X (sky130_fd_sc_hd__and2b_2)
                                         _055_ (net)
                  0.04    0.00    4.17 v _635_/D (sky130_fd_sc_hd__or4_2)
     2    0.01    0.12    0.58    4.75 v _635_/X (sky130_fd_sc_hd__or4_2)
                                         _070_ (net)
                  0.12    0.00    4.75 v _636_/B_N (sky130_fd_sc_hd__or2b_2)
     1    0.01    0.05    0.21    4.97 ^ _636_/X (sky130_fd_sc_hd__or2b_2)
                                         _071_ (net)
                  0.05    0.00    4.97 ^ _637_/B (sky130_fd_sc_hd__xnor2_2)
     2    0.01    0.07    0.08    5.04 v _637_/Y (sky130_fd_sc_hd__xnor2_2)
                                         _072_ (net)
                  0.07    0.00    5.04 v _638_/B (sky130_fd_sc_hd__xor2_2)
     2    0.01    0.08    0.17    5.22 v _638_/X (sky130_fd_sc_hd__xor2_2)
                                         _073_ (net)
                  0.08    0.00    5.22 v _640_/A2 (sky130_fd_sc_hd__a21o_2)
     2    0.01    0.06    0.26    5.48 v _640_/X (sky130_fd_sc_hd__a21o_2)
                                         _075_ (net)
                  0.06    0.00    5.48 v _348_/A1 (sky130_fd_sc_hd__a21o_2)
     2    0.01    0.06    0.23    5.71 v _348_/X (sky130_fd_sc_hd__a21o_2)
                                         _113_ (net)
                  0.06    0.00    5.71 v _387_/A1 (sky130_fd_sc_hd__a21o_2)
     2    0.01    0.06    0.23    5.93 v _387_/X (sky130_fd_sc_hd__a21o_2)
                                         _152_ (net)
                  0.06    0.00    5.93 v _417_/A1 (sky130_fd_sc_hd__a21o_2)
     2    0.01    0.06    0.23    6.16 v _417_/X (sky130_fd_sc_hd__a21o_2)
                                         _181_ (net)
                  0.06    0.00    6.16 v _443_/A1 (sky130_fd_sc_hd__a21o_2)
     3    0.02    0.06    0.24    6.39 v _443_/X (sky130_fd_sc_hd__a21o_2)
                                         _206_ (net)
                  0.06    0.00    6.40 v _474_/A (sky130_fd_sc_hd__and3_2)
     2    0.01    0.06    0.22    6.61 v _474_/X (sky130_fd_sc_hd__and3_2)
                                         _236_ (net)
                  0.06    0.00    6.61 v _488_/A1 (sky130_fd_sc_hd__a211o_2)
     1    0.03    0.13    0.41    7.02 v _488_/X (sky130_fd_sc_hd__a211o_2)
                                         prod[15] (net)
                  0.13    0.00    7.02 v prod[15] (out)
                                  7.02   data arrival time

                  0.00   10.00   10.00   clock clk (rise edge)
                          0.00   10.00   clock network delay (ideal)
                         -0.25    9.75   clock uncertainty
                          0.00    9.75   clock reconvergence pessimism
                         -2.00    7.75   output external delay
                                  7.75   data required time
-----------------------------------------------------------------------------
                                  7.75   data required time
                                 -7.02   data arrival time
-----------------------------------------------------------------------------
                                  0.73   slack (MET)


Startpoint: a[2] (input port clocked by clk)
Endpoint: prod[12] (output port clocked by clk)
Path Group: clk
Path Type: max

Fanout     Cap    Slew   Delay    Time   Description
-----------------------------------------------------------------------------
                  0.00    0.00    0.00   clock clk (rise edge)
                          0.00    0.00   clock network delay (ideal)
                          2.00    2.00 ^ input external delay
     5    0.02    0.09    0.07    2.07 ^ a[2] (in)
                                         a[2] (net)
                  0.09    0.00    2.07 ^ _507_/A (sky130_fd_sc_hd__buf_1)
    10    0.04    0.44    0.39    2.45 ^ _507_/X (sky130_fd_sc_hd__buf_1)
                                         _257_ (net)
                  0.44    0.00    2.45 ^ _508_/B (sky130_fd_sc_hd__nand2_2)
     2    0.00    0.09    0.09    2.54 v _508_/Y (sky130_fd_sc_hd__nand2_2)
                                         _258_ (net)
                  0.09    0.00    2.54 v _509_/B (sky130_fd_sc_hd__or3b_2)
     2    0.01    0.09    0.49    3.03 v _509_/X (sky130_fd_sc_hd__or3b_2)
                                         _259_ (net)
                  0.09    0.00    3.03 v _514_/A (sky130_fd_sc_hd__and3_2)
     3    0.02    0.07    0.24    3.27 v _514_/X (sky130_fd_sc_hd__and3_2)
                                         _264_ (net)
                  0.07    0.00    3.27 v _531_/A1 (sky130_fd_sc_hd__a21o_2)
     2    0.01    0.06    0.23    3.50 v _531_/X (sky130_fd_sc_hd__a21o_2)
                                         _280_ (net)
                  0.06    0.00    3.50 v _557_/A1 (sky130_fd_sc_hd__a21o_2)
     2    0.01    0.06    0.23    3.73 v _557_/X (sky130_fd_sc_hd__a21o_2)
                                         _306_ (net)
                  0.06    0.00    3.73 v _592_/A1 (sky130_fd_sc_hd__a21bo_2)
     2    0.01    0.06    0.23    3.96 v _592_/X (sky130_fd_sc_hd__a21bo_2)
                                         _027_ (net)
                  0.06    0.00    3.96 v _620_/B (sky130_fd_sc_hd__and2b_2)
     2    0.00    0.04    0.21    4.17 v _620_/X (sky130_fd_sc_hd__and2b_2)
                                         _055_ (net)
                  0.04    0.00    4.17 v _635_/D (sky130_fd_sc_hd__or4_2)
     2    0.01    0.12    0.58    4.75 v _635_/X (sky130_fd_sc_hd__or4_2)
                                         _070_ (net)
                  0.12    0.00    4.75 v _636_/B_N (sky130_fd_sc_hd__or2b_2)
     1    0.01    0.05    0.21    4.97 ^ _636_/X (sky130_fd_sc_hd__or2b_2)
                                         _071_ (net)
                  0.05    0.00    4.97 ^ _637_/B (sky130_fd_sc_hd__xnor2_2)
     2    0.01    0.07    0.08    5.04 v _637_/Y (sky130_fd_sc_hd__xnor2_2)
                                         _072_ (net)
                  0.07    0.00    5.04 v _638_/B (sky130_fd_sc_hd__xor2_2)
     2    0.01    0.08    0.17    5.22 v _638_/X (sky130_fd_sc_hd__xor2_2)
                                         _073_ (net)
                  0.08    0.00    5.22 v _640_/A2 (sky130_fd_sc_hd__a21o_2)
     2    0.01    0.06    0.26    5.48 v _640_/X (sky130_fd_sc_hd__a21o_2)
                                         _075_ (net)
                  0.06    0.00    5.48 v _348_/A1 (sky130_fd_sc_hd__a21o_2)
     2    0.01    0.06    0.23    5.71 v _348_/X (sky130_fd_sc_hd__a21o_2)
                                         _113_ (net)
                  0.06    0.00    5.71 v _387_/A1 (sky130_fd_sc_hd__a21o_2)
     2    0.01    0.06    0.23    5.93 v _387_/X (sky130_fd_sc_hd__a21o_2)
                                         _152_ (net)
                  0.06    0.00    5.93 v _417_/A1 (sky130_fd_sc_hd__a21o_2)
     2    0.01    0.06    0.23    6.16 v _417_/X (sky130_fd_sc_hd__a21o_2)
                                         _181_ (net)
                  0.06    0.00    6.16 v _443_/A1 (sky130_fd_sc_hd__a21o_2)
     3    0.02    0.06    0.24    6.39 v _443_/X (sky130_fd_sc_hd__a21o_2)
                                         _206_ (net)
                  0.06    0.00    6.39 v _460_/A (sky130_fd_sc_hd__xor2_2)
     1    0.03    0.43    0.42    6.81 ^ _460_/X (sky130_fd_sc_hd__xor2_2)
                                         prod[12] (net)
                  0.43    0.00    6.81 ^ prod[12] (out)
                                  6.81   data arrival time

                  0.00   10.00   10.00   clock clk (rise edge)
                          0.00   10.00   clock network delay (ideal)
                         -0.25    9.75   clock uncertainty
                          0.00    9.75   clock reconvergence pessimism
                         -2.00    7.75   output external delay
                                  7.75   data required time
-----------------------------------------------------------------------------
                                  7.75   data required time
                                 -6.81   data arrival time
-----------------------------------------------------------------------------
                                  0.94   slack (MET)


Startpoint: a[2] (input port clocked by clk)
Endpoint: prod[13] (output port clocked by clk)
Path Group: clk
Path Type: max

Fanout     Cap    Slew   Delay    Time   Description
-----------------------------------------------------------------------------
                  0.00    0.00    0.00   clock clk (rise edge)
                          0.00    0.00   clock network delay (ideal)
                          2.00    2.00 ^ input external delay
     5    0.02    0.09    0.07    2.07 ^ a[2] (in)
                                         a[2] (net)
                  0.09    0.00    2.07 ^ _507_/A (sky130_fd_sc_hd__buf_1)
    10    0.04    0.44    0.39    2.45 ^ _507_/X (sky130_fd_sc_hd__buf_1)
                                         _257_ (net)
                  0.44    0.00    2.45 ^ _508_/B (sky130_fd_sc_hd__nand2_2)
     2    0.00    0.09    0.09    2.54 v _508_/Y (sky130_fd_sc_hd__nand2_2)
                                         _258_ (net)
                  0.09    0.00    2.54 v _509_/B (sky130_fd_sc_hd__or3b_2)
     2    0.01    0.09    0.49    3.03 v _509_/X (sky130_fd_sc_hd__or3b_2)
                                         _259_ (net)
                  0.09    0.00    3.03 v _514_/A (sky130_fd_sc_hd__and3_2)
     3    0.02    0.07    0.24    3.27 v _514_/X (sky130_fd_sc_hd__and3_2)
                                         _264_ (net)
                  0.07    0.00    3.27 v _531_/A1 (sky130_fd_sc_hd__a21o_2)
     2    0.01    0.06    0.23    3.50 v _531_/X (sky130_fd_sc_hd__a21o_2)
                                         _280_ (net)
                  0.06    0.00    3.50 v _557_/A1 (sky130_fd_sc_hd__a21o_2)
     2    0.01    0.06    0.23    3.73 v _557_/X (sky130_fd_sc_hd__a21o_2)
                                         _306_ (net)
                  0.06    0.00    3.73 v _592_/A1 (sky130_fd_sc_hd__a21bo_2)
     2    0.01    0.06    0.23    3.96 v _592_/X (sky130_fd_sc_hd__a21bo_2)
                                         _027_ (net)
                  0.06    0.00    3.96 v _620_/B (sky130_fd_sc_hd__and2b_2)
     2    0.00    0.04    0.21    4.17 v _620_/X (sky130_fd_sc_hd__and2b_2)
                                         _055_ (net)
                  0.04    0.00    4.17 v _635_/D (sky130_fd_sc_hd__or4_2)
     2    0.01    0.12    0.58    4.75 v _635_/X (sky130_fd_sc_hd__or4_2)
                                         _070_ (net)
                  0.12    0.00    4.75 v _636_/B_N (sky130_fd_sc_hd__or2b_2)
     1    0.01    0.05    0.21    4.97 ^ _636_/X (sky130_fd_sc_hd__or2b_2)
                                         _071_ (net)
                  0.05    0.00    4.97 ^ _637_/B (sky130_fd_sc_hd__xnor2_2)
     2    0.01    0.07    0.08    5.04 v _637_/Y (sky130_fd_sc_hd__xnor2_2)
                                         _072_ (net)
                  0.07    0.00    5.04 v _638_/B (sky130_fd_sc_hd__xor2_2)
     2    0.01    0.08    0.17    5.22 v _638_/X (sky130_fd_sc_hd__xor2_2)
                                         _073_ (net)
                  0.08    0.00    5.22 v _640_/A2 (sky130_fd_sc_hd__a21o_2)
     2    0.01    0.06    0.26    5.48 v _640_/X (sky130_fd_sc_hd__a21o_2)
                                         _075_ (net)
                  0.06    0.00    5.48 v _348_/A1 (sky130_fd_sc_hd__a21o_2)
     2    0.01    0.06    0.23    5.71 v _348_/X (sky130_fd_sc_hd__a21o_2)
                                         _113_ (net)
                  0.06    0.00    5.71 v _387_/A1 (sky130_fd_sc_hd__a21o_2)
     2    0.01    0.06    0.23    5.93 v _387_/X (sky130_fd_sc_hd__a21o_2)
                                         _152_ (net)
                  0.06    0.00    5.93 v _417_/A1 (sky130_fd_sc_hd__a21o_2)
     2    0.01    0.06    0.23    6.16 v _417_/X (sky130_fd_sc_hd__a21o_2)
                                         _181_ (net)
                  0.06    0.00    6.16 v _443_/A1 (sky130_fd_sc_hd__a21o_2)
     3    0.02    0.06    0.24    6.39 v _443_/X (sky130_fd_sc_hd__a21o_2)
                                         _206_ (net)
                  0.06    0.00    6.40 v _472_/A1 (sky130_fd_sc_hd__a21oi_2)
     1    0.01    0.14    0.17    6.56 ^ _472_/Y (sky130_fd_sc_hd__a21oi_2)
                                         _235_ (net)
                  0.14    0.00    6.56 ^ _473_/B (sky130_fd_sc_hd__xnor2_2)
     1    0.03    0.46    0.24    6.80 ^ _473_/Y (sky130_fd_sc_hd__xnor2_2)
                                         prod[13] (net)
                  0.46    0.00    6.81 ^ prod[13] (out)
                                  6.81   data arrival time

                  0.00   10.00   10.00   clock clk (rise edge)
                          0.00   10.00   clock network delay (ideal)
                         -0.25    9.75   clock uncertainty
                          0.00    9.75   clock reconvergence pessimism
                         -2.00    7.75   output external delay
                                  7.75   data required time
-----------------------------------------------------------------------------
                                  7.75   data required time
                                 -6.81   data arrival time
-----------------------------------------------------------------------------
                                  0.94   slack (MET)


Startpoint: a[2] (input port clocked by clk)
Endpoint: prod[11] (output port clocked by clk)
Path Group: clk
Path Type: max

Fanout     Cap    Slew   Delay    Time   Description
-----------------------------------------------------------------------------
                  0.00    0.00    0.00   clock clk (rise edge)
                          0.00    0.00   clock network delay (ideal)
                          2.00    2.00 ^ input external delay
     5    0.02    0.09    0.07    2.07 ^ a[2] (in)
                                         a[2] (net)
                  0.09    0.00    2.07 ^ _507_/A (sky130_fd_sc_hd__buf_1)
    10    0.04    0.44    0.39    2.45 ^ _507_/X (sky130_fd_sc_hd__buf_1)
                                         _257_ (net)
                  0.44    0.00    2.45 ^ _508_/B (sky130_fd_sc_hd__nand2_2)
     2    0.00    0.09    0.09    2.54 v _508_/Y (sky130_fd_sc_hd__nand2_2)
                                         _258_ (net)
                  0.09    0.00    2.54 v _509_/B (sky130_fd_sc_hd__or3b_2)
     2    0.01    0.09    0.49    3.03 v _509_/X (sky130_fd_sc_hd__or3b_2)
                                         _259_ (net)
                  0.09    0.00    3.03 v _514_/A (sky130_fd_sc_hd__and3_2)
     3    0.02    0.07    0.24    3.27 v _514_/X (sky130_fd_sc_hd__and3_2)
                                         _264_ (net)
                  0.07    0.00    3.27 v _531_/A1 (sky130_fd_sc_hd__a21o_2)
     2    0.01    0.06    0.23    3.50 v _531_/X (sky130_fd_sc_hd__a21o_2)
                                         _280_ (net)
                  0.06    0.00    3.50 v _557_/A1 (sky130_fd_sc_hd__a21o_2)
     2    0.01    0.06    0.23    3.73 v _557_/X (sky130_fd_sc_hd__a21o_2)
                                         _306_ (net)
                  0.06    0.00    3.73 v _592_/A1 (sky130_fd_sc_hd__a21bo_2)
     2    0.01    0.06    0.23    3.96 v _592_/X (sky130_fd_sc_hd__a21bo_2)
                                         _027_ (net)
                  0.06    0.00    3.96 v _620_/B (sky130_fd_sc_hd__and2b_2)
     2    0.00    0.04    0.21    4.17 v _620_/X (sky130_fd_sc_hd__and2b_2)
                                         _055_ (net)
                  0.04    0.00    4.17 v _635_/D (sky130_fd_sc_hd__or4_2)
     2    0.01    0.12    0.58    4.75 v _635_/X (sky130_fd_sc_hd__or4_2)
                                         _070_ (net)
                  0.12    0.00    4.75 v _636_/B_N (sky130_fd_sc_hd__or2b_2)
     1    0.01    0.05    0.21    4.97 ^ _636_/X (sky130_fd_sc_hd__or2b_2)
                                         _071_ (net)
                  0.05    0.00    4.97 ^ _637_/B (sky130_fd_sc_hd__xnor2_2)
     2    0.01    0.07    0.08    5.04 v _637_/Y (sky130_fd_sc_hd__xnor2_2)
                                         _072_ (net)
                  0.07    0.00    5.04 v _638_/B (sky130_fd_sc_hd__xor2_2)
     2    0.01    0.08    0.17    5.22 v _638_/X (sky130_fd_sc_hd__xor2_2)
                                         _073_ (net)
                  0.08    0.00    5.22 v _640_/A2 (sky130_fd_sc_hd__a21o_2)
     2    0.01    0.06    0.26    5.48 v _640_/X (sky130_fd_sc_hd__a21o_2)
                                         _075_ (net)
                  0.06    0.00    5.48 v _348_/A1 (sky130_fd_sc_hd__a21o_2)
     2    0.01    0.06    0.23    5.71 v _348_/X (sky130_fd_sc_hd__a21o_2)
                                         _113_ (net)
                  0.06    0.00    5.71 v _387_/A1 (sky130_fd_sc_hd__a21o_2)
     2    0.01    0.06    0.23    5.93 v _387_/X (sky130_fd_sc_hd__a21o_2)
                                         _152_ (net)
                  0.06    0.00    5.93 v _417_/A1 (sky130_fd_sc_hd__a21o_2)
     2    0.01    0.06    0.23    6.16 v _417_/X (sky130_fd_sc_hd__a21o_2)
                                         _181_ (net)
                  0.06    0.00    6.16 v _441_/A (sky130_fd_sc_hd__xor2_2)
     1    0.03    0.43    0.41    6.57 ^ _441_/X (sky130_fd_sc_hd__xor2_2)
                                         prod[11] (net)
                  0.43    0.00    6.57 ^ prod[11] (out)
                                  6.57   data arrival time

                  0.00   10.00   10.00   clock clk (rise edge)
                          0.00   10.00   clock network delay (ideal)
                         -0.25    9.75   clock uncertainty
                          0.00    9.75   clock reconvergence pessimism
                         -2.00    7.75   output external delay
                                  7.75   data required time
-----------------------------------------------------------------------------
                                  7.75   data required time
                                 -6.57   data arrival time
-----------------------------------------------------------------------------
                                  1.18   slack (MET)


Startpoint: a[2] (input port clocked by clk)
Endpoint: prod[10] (output port clocked by clk)
Path Group: clk
Path Type: max

Fanout     Cap    Slew   Delay    Time   Description
-----------------------------------------------------------------------------
                  0.00    0.00    0.00   clock clk (rise edge)
                          0.00    0.00   clock network delay (ideal)
                          2.00    2.00 ^ input external delay
     5    0.02    0.09    0.07    2.07 ^ a[2] (in)
                                         a[2] (net)
                  0.09    0.00    2.07 ^ _507_/A (sky130_fd_sc_hd__buf_1)
    10    0.04    0.44    0.39    2.45 ^ _507_/X (sky130_fd_sc_hd__buf_1)
                                         _257_ (net)
                  0.44    0.00    2.45 ^ _508_/B (sky130_fd_sc_hd__nand2_2)
     2    0.00    0.09    0.09    2.54 v _508_/Y (sky130_fd_sc_hd__nand2_2)
                                         _258_ (net)
                  0.09    0.00    2.54 v _509_/B (sky130_fd_sc_hd__or3b_2)
     2    0.01    0.09    0.49    3.03 v _509_/X (sky130_fd_sc_hd__or3b_2)
                                         _259_ (net)
                  0.09    0.00    3.03 v _514_/A (sky130_fd_sc_hd__and3_2)
     3    0.02    0.07    0.24    3.27 v _514_/X (sky130_fd_sc_hd__and3_2)
                                         _264_ (net)
                  0.07    0.00    3.27 v _531_/A1 (sky130_fd_sc_hd__a21o_2)
     2    0.01    0.06    0.23    3.50 v _531_/X (sky130_fd_sc_hd__a21o_2)
                                         _280_ (net)
                  0.06    0.00    3.50 v _557_/A1 (sky130_fd_sc_hd__a21o_2)
     2    0.01    0.06    0.23    3.73 v _557_/X (sky130_fd_sc_hd__a21o_2)
                                         _306_ (net)
                  0.06    0.00    3.73 v _592_/A1 (sky130_fd_sc_hd__a21bo_2)
     2    0.01    0.06    0.23    3.96 v _592_/X (sky130_fd_sc_hd__a21bo_2)
                                         _027_ (net)
                  0.06    0.00    3.96 v _620_/B (sky130_fd_sc_hd__and2b_2)
     2    0.00    0.04    0.21    4.17 v _620_/X (sky130_fd_sc_hd__and2b_2)
                                         _055_ (net)
                  0.04    0.00    4.17 v _635_/D (sky130_fd_sc_hd__or4_2)
     2    0.01    0.12    0.58    4.75 v _635_/X (sky130_fd_sc_hd__or4_2)
                                         _070_ (net)
                  0.12    0.00    4.75 v _636_/B_N (sky130_fd_sc_hd__or2b_2)
     1    0.01    0.05    0.21    4.97 ^ _636_/X (sky130_fd_sc_hd__or2b_2)
                                         _071_ (net)
                  0.05    0.00    4.97 ^ _637_/B (sky130_fd_sc_hd__xnor2_2)
     2    0.01    0.07    0.08    5.04 v _637_/Y (sky130_fd_sc_hd__xnor2_2)
                                         _072_ (net)
                  0.07    0.00    5.04 v _638_/B (sky130_fd_sc_hd__xor2_2)
     2    0.01    0.08    0.17    5.22 v _638_/X (sky130_fd_sc_hd__xor2_2)
                                         _073_ (net)
                  0.08    0.00    5.22 v _640_/A2 (sky130_fd_sc_hd__a21o_2)
     2    0.01    0.06    0.26    5.48 v _640_/X (sky130_fd_sc_hd__a21o_2)
                                         _075_ (net)
                  0.06    0.00    5.48 v _348_/A1 (sky130_fd_sc_hd__a21o_2)
     2    0.01    0.06    0.23    5.71 v _348_/X (sky130_fd_sc_hd__a21o_2)
                                         _113_ (net)
                  0.06    0.00    5.71 v _387_/A1 (sky130_fd_sc_hd__a21o_2)
     2    0.01    0.06    0.23    5.93 v _387_/X (sky130_fd_sc_hd__a21o_2)
                                         _152_ (net)
                  0.06    0.00    5.93 v _415_/A (sky130_fd_sc_hd__xor2_2)
     1    0.03    0.42    0.41    6.34 ^ _415_/X (sky130_fd_sc_hd__xor2_2)
                                         prod[10] (net)
                  0.42    0.00    6.34 ^ prod[10] (out)
                                  6.34   data arrival time

                  0.00   10.00   10.00   clock clk (rise edge)
                          0.00   10.00   clock network delay (ideal)
                         -0.25    9.75   clock uncertainty
                          0.00    9.75   clock reconvergence pessimism
                         -2.00    7.75   output external delay
                                  7.75   data required time
-----------------------------------------------------------------------------
                                  7.75   data required time
                                 -6.34   data arrival time
-----------------------------------------------------------------------------
                                  1.41   slack (MET)


Startpoint: a[2] (input port clocked by clk)
Endpoint: prod[9] (output port clocked by clk)
Path Group: clk
Path Type: max

Fanout     Cap    Slew   Delay    Time   Description
-----------------------------------------------------------------------------
                  0.00    0.00    0.00   clock clk (rise edge)
                          0.00    0.00   clock network delay (ideal)
                          2.00    2.00 ^ input external delay
     5    0.02    0.09    0.07    2.07 ^ a[2] (in)
                                         a[2] (net)
                  0.09    0.00    2.07 ^ _507_/A (sky130_fd_sc_hd__buf_1)
    10    0.04    0.44    0.39    2.45 ^ _507_/X (sky130_fd_sc_hd__buf_1)
                                         _257_ (net)
                  0.44    0.00    2.45 ^ _508_/B (sky130_fd_sc_hd__nand2_2)
     2    0.00    0.09    0.09    2.54 v _508_/Y (sky130_fd_sc_hd__nand2_2)
                                         _258_ (net)
                  0.09    0.00    2.54 v _509_/B (sky130_fd_sc_hd__or3b_2)
     2    0.01    0.09    0.49    3.03 v _509_/X (sky130_fd_sc_hd__or3b_2)
                                         _259_ (net)
                  0.09    0.00    3.03 v _514_/A (sky130_fd_sc_hd__and3_2)
     3    0.02    0.07    0.24    3.27 v _514_/X (sky130_fd_sc_hd__and3_2)
                                         _264_ (net)
                  0.07    0.00    3.27 v _531_/A1 (sky130_fd_sc_hd__a21o_2)
     2    0.01    0.06    0.23    3.50 v _531_/X (sky130_fd_sc_hd__a21o_2)
                                         _280_ (net)
                  0.06    0.00    3.50 v _557_/A1 (sky130_fd_sc_hd__a21o_2)
     2    0.01    0.06    0.23    3.73 v _557_/X (sky130_fd_sc_hd__a21o_2)
                                         _306_ (net)
                  0.06    0.00    3.73 v _592_/A1 (sky130_fd_sc_hd__a21bo_2)
     2    0.01    0.06    0.23    3.96 v _592_/X (sky130_fd_sc_hd__a21bo_2)
                                         _027_ (net)
                  0.06    0.00    3.96 v _620_/B (sky130_fd_sc_hd__and2b_2)
     2    0.00    0.04    0.21    4.17 v _620_/X (sky130_fd_sc_hd__and2b_2)
                                         _055_ (net)
                  0.04    0.00    4.17 v _635_/D (sky130_fd_sc_hd__or4_2)
     2    0.01    0.12    0.58    4.75 v _635_/X (sky130_fd_sc_hd__or4_2)
                                         _070_ (net)
                  0.12    0.00    4.75 v _328_/A2 (sky130_fd_sc_hd__a21oi_2)
     2    0.01    0.17    0.23    4.98 ^ _328_/Y (sky130_fd_sc_hd__a21oi_2)
                                         _093_ (net)
                  0.17    0.00    4.98 ^ _371_/A_N (sky130_fd_sc_hd__and2b_2)
     2    0.01    0.05    0.27    5.26 v _371_/X (sky130_fd_sc_hd__and2b_2)
                                         _136_ (net)
                  0.05    0.00    5.26 v _384_/A (sky130_fd_sc_hd__xnor2_2)
     2    0.01    0.22    0.24    5.50 ^ _384_/Y (sky130_fd_sc_hd__xnor2_2)
                                         _149_ (net)
                  0.22    0.00    5.50 ^ _385_/B (sky130_fd_sc_hd__xor2_2)
     2    0.01    0.18    0.22    5.72 ^ _385_/X (sky130_fd_sc_hd__xor2_2)
                                         _150_ (net)
                  0.18    0.00    5.72 ^ _493_/B (sky130_fd_sc_hd__xor2_2)
     1    0.03    0.43    0.41    6.13 ^ _493_/X (sky130_fd_sc_hd__xor2_2)
                                         prod[9] (net)
                  0.43    0.00    6.13 ^ prod[9] (out)
                                  6.13   data arrival time

                  0.00   10.00   10.00   clock clk (rise edge)
                          0.00   10.00   clock network delay (ideal)
                         -0.25    9.75   clock uncertainty
                          0.00    9.75   clock reconvergence pessimism
                         -2.00    7.75   output external delay
                                  7.75   data required time
-----------------------------------------------------------------------------
                                  7.75   data required time
                                 -6.13   data arrival time
-----------------------------------------------------------------------------
                                  1.62   slack (MET)


Startpoint: a[2] (input port clocked by clk)
Endpoint: prod[8] (output port clocked by clk)
Path Group: clk
Path Type: max

Fanout     Cap    Slew   Delay    Time   Description
-----------------------------------------------------------------------------
                  0.00    0.00    0.00   clock clk (rise edge)
                          0.00    0.00   clock network delay (ideal)
                          2.00    2.00 ^ input external delay
     5    0.02    0.09    0.07    2.07 ^ a[2] (in)
                                         a[2] (net)
                  0.09    0.00    2.07 ^ _507_/A (sky130_fd_sc_hd__buf_1)
    10    0.04    0.44    0.39    2.45 ^ _507_/X (sky130_fd_sc_hd__buf_1)
                                         _257_ (net)
                  0.44    0.00    2.45 ^ _508_/B (sky130_fd_sc_hd__nand2_2)
     2    0.00    0.09    0.09    2.54 v _508_/Y (sky130_fd_sc_hd__nand2_2)
                                         _258_ (net)
                  0.09    0.00    2.54 v _509_/B (sky130_fd_sc_hd__or3b_2)
     2    0.01    0.09    0.49    3.03 v _509_/X (sky130_fd_sc_hd__or3b_2)
                                         _259_ (net)
                  0.09    0.00    3.03 v _514_/A (sky130_fd_sc_hd__and3_2)
     3    0.02    0.07    0.24    3.27 v _514_/X (sky130_fd_sc_hd__and3_2)
                                         _264_ (net)
                  0.07    0.00    3.27 v _531_/A1 (sky130_fd_sc_hd__a21o_2)
     2    0.01    0.06    0.23    3.50 v _531_/X (sky130_fd_sc_hd__a21o_2)
                                         _280_ (net)
                  0.06    0.00    3.50 v _557_/A1 (sky130_fd_sc_hd__a21o_2)
     2    0.01    0.06    0.23    3.73 v _557_/X (sky130_fd_sc_hd__a21o_2)
                                         _306_ (net)
                  0.06    0.00    3.73 v _592_/A1 (sky130_fd_sc_hd__a21bo_2)
     2    0.01    0.06    0.23    3.96 v _592_/X (sky130_fd_sc_hd__a21bo_2)
                                         _027_ (net)
                  0.06    0.00    3.96 v _620_/B (sky130_fd_sc_hd__and2b_2)
     2    0.00    0.04    0.21    4.17 v _620_/X (sky130_fd_sc_hd__and2b_2)
                                         _055_ (net)
                  0.04    0.00    4.17 v _635_/D (sky130_fd_sc_hd__or4_2)
     2    0.01    0.12    0.58    4.75 v _635_/X (sky130_fd_sc_hd__or4_2)
                                         _070_ (net)
                  0.12    0.00    4.75 v _636_/B_N (sky130_fd_sc_hd__or2b_2)
     1    0.01    0.05    0.21    4.97 ^ _636_/X (sky130_fd_sc_hd__or2b_2)
                                         _071_ (net)
                  0.05    0.00    4.97 ^ _637_/B (sky130_fd_sc_hd__xnor2_2)
     2    0.01    0.19    0.13    5.10 ^ _637_/Y (sky130_fd_sc_hd__xnor2_2)
                                         _072_ (net)
                  0.19    0.00    5.10 ^ _638_/B (sky130_fd_sc_hd__xor2_2)
     2    0.01    0.18    0.22    5.31 ^ _638_/X (sky130_fd_sc_hd__xor2_2)
                                         _073_ (net)
                  0.18    0.00    5.31 ^ _640_/A2 (sky130_fd_sc_hd__a21o_2)
     2    0.01    0.07    0.20    5.51 ^ _640_/X (sky130_fd_sc_hd__a21o_2)
                                         _075_ (net)
                  0.07    0.00    5.51 ^ _492_/A (sky130_fd_sc_hd__xor2_2)
     1    0.03    0.43    0.38    5.89 ^ _492_/X (sky130_fd_sc_hd__xor2_2)
                                         prod[8] (net)
                  0.43    0.00    5.89 ^ prod[8] (out)
                                  5.89   data arrival time

                  0.00   10.00   10.00   clock clk (rise edge)
                          0.00   10.00   clock network delay (ideal)
                         -0.25    9.75   clock uncertainty
                          0.00    9.75   clock reconvergence pessimism
                         -2.00    7.75   output external delay
                                  7.75   data required time
-----------------------------------------------------------------------------
                                  7.75   data required time
                                 -5.89   data arrival time
-----------------------------------------------------------------------------
                                  1.86   slack (MET)


Startpoint: a[2] (input port clocked by clk)
Endpoint: prod[7] (output port clocked by clk)
Path Group: clk
Path Type: max

Fanout     Cap    Slew   Delay    Time   Description
-----------------------------------------------------------------------------
                  0.00    0.00    0.00   clock clk (rise edge)
                          0.00    0.00   clock network delay (ideal)
                          2.00    2.00 ^ input external delay
     5    0.02    0.09    0.07    2.07 ^ a[2] (in)
                                         a[2] (net)
                  0.09    0.00    2.07 ^ _507_/A (sky130_fd_sc_hd__buf_1)
    10    0.04    0.44    0.39    2.45 ^ _507_/X (sky130_fd_sc_hd__buf_1)
                                         _257_ (net)
                  0.44    0.00    2.45 ^ _508_/B (sky130_fd_sc_hd__nand2_2)
     2    0.00    0.09    0.09    2.54 v _508_/Y (sky130_fd_sc_hd__nand2_2)
                                         _258_ (net)
                  0.09    0.00    2.54 v _509_/B (sky130_fd_sc_hd__or3b_2)
     2    0.01    0.09    0.49    3.03 v _509_/X (sky130_fd_sc_hd__or3b_2)
                                         _259_ (net)
                  0.09    0.00    3.03 v _514_/A (sky130_fd_sc_hd__and3_2)
     3    0.02    0.07    0.24    3.27 v _514_/X (sky130_fd_sc_hd__and3_2)
                                         _264_ (net)
                  0.07    0.00    3.27 v _531_/A1 (sky130_fd_sc_hd__a21o_2)
     2    0.01    0.06    0.23    3.50 v _531_/X (sky130_fd_sc_hd__a21o_2)
                                         _280_ (net)
                  0.06    0.00    3.50 v _557_/A1 (sky130_fd_sc_hd__a21o_2)
     2    0.01    0.06    0.23    3.73 v _557_/X (sky130_fd_sc_hd__a21o_2)
                                         _306_ (net)
                  0.06    0.00    3.73 v _592_/A1 (sky130_fd_sc_hd__a21bo_2)
     2    0.01    0.06    0.23    3.96 v _592_/X (sky130_fd_sc_hd__a21bo_2)
                                         _027_ (net)
                  0.06    0.00    3.96 v _620_/B (sky130_fd_sc_hd__and2b_2)
     2    0.00    0.04    0.21    4.17 v _620_/X (sky130_fd_sc_hd__and2b_2)
                                         _055_ (net)
                  0.04    0.00    4.17 v _635_/D (sky130_fd_sc_hd__or4_2)
     2    0.01    0.12    0.58    4.75 v _635_/X (sky130_fd_sc_hd__or4_2)
                                         _070_ (net)
                  0.12    0.00    4.75 v _636_/B_N (sky130_fd_sc_hd__or2b_2)
     1    0.01    0.05    0.21    4.97 ^ _636_/X (sky130_fd_sc_hd__or2b_2)
                                         _071_ (net)
                  0.05    0.00    4.97 ^ _637_/B (sky130_fd_sc_hd__xnor2_2)
     2    0.01    0.19    0.13    5.10 ^ _637_/Y (sky130_fd_sc_hd__xnor2_2)
                                         _072_ (net)
                  0.19    0.00    5.10 ^ _638_/B (sky130_fd_sc_hd__xor2_2)
     2    0.01    0.18    0.22    5.31 ^ _638_/X (sky130_fd_sc_hd__xor2_2)
                                         _073_ (net)
                  0.18    0.00    5.31 ^ _491_/B (sky130_fd_sc_hd__xor2_2)
     1    0.03    0.43    0.41    5.72 ^ _491_/X (sky130_fd_sc_hd__xor2_2)
                                         prod[7] (net)
                  0.43    0.00    5.72 ^ prod[7] (out)
                                  5.72   data arrival time

                  0.00   10.00   10.00   clock clk (rise edge)
                          0.00   10.00   clock network delay (ideal)
                         -0.25    9.75   clock uncertainty
                          0.00    9.75   clock reconvergence pessimism
                         -2.00    7.75   output external delay
                                  7.75   data required time
-----------------------------------------------------------------------------
                                  7.75   data required time
                                 -5.72   data arrival time
-----------------------------------------------------------------------------
                                  2.03   slack (MET)


Startpoint: a[2] (input port clocked by clk)
Endpoint: prod[6] (output port clocked by clk)
Path Group: clk
Path Type: max

Fanout     Cap    Slew   Delay    Time   Description
-----------------------------------------------------------------------------
                  0.00    0.00    0.00   clock clk (rise edge)
                          0.00    0.00   clock network delay (ideal)
                          2.00    2.00 ^ input external delay
     5    0.02    0.09    0.07    2.07 ^ a[2] (in)
                                         a[2] (net)
                  0.09    0.00    2.07 ^ _507_/A (sky130_fd_sc_hd__buf_1)
    10    0.04    0.44    0.39    2.45 ^ _507_/X (sky130_fd_sc_hd__buf_1)
                                         _257_ (net)
                  0.44    0.00    2.45 ^ _508_/B (sky130_fd_sc_hd__nand2_2)
     2    0.00    0.09    0.09    2.54 v _508_/Y (sky130_fd_sc_hd__nand2_2)
                                         _258_ (net)
                  0.09    0.00    2.54 v _509_/B (sky130_fd_sc_hd__or3b_2)
     2    0.01    0.09    0.49    3.03 v _509_/X (sky130_fd_sc_hd__or3b_2)
                                         _259_ (net)
                  0.09    0.00    3.03 v _514_/A (sky130_fd_sc_hd__and3_2)
     3    0.02    0.07    0.24    3.27 v _514_/X (sky130_fd_sc_hd__and3_2)
                                         _264_ (net)
                  0.07    0.00    3.27 v _531_/A1 (sky130_fd_sc_hd__a21o_2)
     2    0.01    0.06    0.23    3.50 v _531_/X (sky130_fd_sc_hd__a21o_2)
                                         _280_ (net)
                  0.06    0.00    3.50 v _557_/A1 (sky130_fd_sc_hd__a21o_2)
     2    0.01    0.06    0.23    3.73 v _557_/X (sky130_fd_sc_hd__a21o_2)
                                         _306_ (net)
                  0.06    0.00    3.73 v _592_/A1 (sky130_fd_sc_hd__a21bo_2)
     2    0.01    0.06    0.23    3.96 v _592_/X (sky130_fd_sc_hd__a21bo_2)
                                         _027_ (net)
                  0.06    0.00    3.96 v _596_/A (sky130_fd_sc_hd__xor2_2)
     2    0.01    0.21    0.24    4.20 ^ _596_/X (sky130_fd_sc_hd__xor2_2)
                                         _031_ (net)
                  0.21    0.00    4.20 ^ _597_/B (sky130_fd_sc_hd__xor2_2)
     2    0.01    0.18    0.22    4.42 ^ _597_/X (sky130_fd_sc_hd__xor2_2)
                                         _032_ (net)
                  0.18    0.00    4.42 ^ _598_/B (sky130_fd_sc_hd__xor2_2)
     2    0.01    0.17    0.21    4.63 ^ _598_/X (sky130_fd_sc_hd__xor2_2)
                                         _033_ (net)
                  0.17    0.00    4.63 ^ _599_/B (sky130_fd_sc_hd__xor2_2)
     2    0.01    0.18    0.22    4.85 ^ _599_/X (sky130_fd_sc_hd__xor2_2)
                                         _034_ (net)
                  0.18    0.00    4.85 ^ _490_/B (sky130_fd_sc_hd__xor2_2)
     1    0.03    0.43    0.41    5.26 ^ _490_/X (sky130_fd_sc_hd__xor2_2)
                                         prod[6] (net)
                  0.43    0.00    5.26 ^ prod[6] (out)
                                  5.26   data arrival time

                  0.00   10.00   10.00   clock clk (rise edge)
                          0.00   10.00   clock network delay (ideal)
                         -0.25    9.75   clock uncertainty
                          0.00    9.75   clock reconvergence pessimism
                         -2.00    7.75   output external delay
                                  7.75   data required time
-----------------------------------------------------------------------------
                                  7.75   data required time
                                 -5.26   data arrival time
-----------------------------------------------------------------------------
                                  2.49   slack (MET)


Startpoint: a[2] (input port clocked by clk)
Endpoint: prod[5] (output port clocked by clk)
Path Group: clk
Path Type: max

Fanout     Cap    Slew   Delay    Time   Description
-----------------------------------------------------------------------------
                  0.00    0.00    0.00   clock clk (rise edge)
                          0.00    0.00   clock network delay (ideal)
                          2.00    2.00 ^ input external delay
     5    0.02    0.09    0.07    2.07 ^ a[2] (in)
                                         a[2] (net)
                  0.09    0.00    2.07 ^ _507_/A (sky130_fd_sc_hd__buf_1)
    10    0.04    0.44    0.39    2.45 ^ _507_/X (sky130_fd_sc_hd__buf_1)
                                         _257_ (net)
                  0.44    0.00    2.45 ^ _508_/B (sky130_fd_sc_hd__nand2_2)
     2    0.00    0.09    0.09    2.54 v _508_/Y (sky130_fd_sc_hd__nand2_2)
                                         _258_ (net)
                  0.09    0.00    2.54 v _509_/B (sky130_fd_sc_hd__or3b_2)
     2    0.01    0.09    0.49    3.03 v _509_/X (sky130_fd_sc_hd__or3b_2)
                                         _259_ (net)
                  0.09    0.00    3.03 v _514_/A (sky130_fd_sc_hd__and3_2)
     3    0.02    0.07    0.24    3.27 v _514_/X (sky130_fd_sc_hd__and3_2)
                                         _264_ (net)
                  0.07    0.00    3.27 v _531_/A1 (sky130_fd_sc_hd__a21o_2)
     2    0.01    0.06    0.23    3.50 v _531_/X (sky130_fd_sc_hd__a21o_2)
                                         _280_ (net)
                  0.06    0.00    3.50 v _557_/A1 (sky130_fd_sc_hd__a21o_2)
     2    0.01    0.06    0.23    3.73 v _557_/X (sky130_fd_sc_hd__a21o_2)
                                         _306_ (net)
                  0.06    0.00    3.73 v _569_/A (sky130_fd_sc_hd__xor2_2)
     2    0.01    0.18    0.21    3.94 ^ _569_/X (sky130_fd_sc_hd__xor2_2)
                                         _004_ (net)
                  0.18    0.00    3.94 ^ _570_/B (sky130_fd_sc_hd__xor2_2)
     2    0.01    0.21    0.24    4.18 ^ _570_/X (sky130_fd_sc_hd__xor2_2)
                                         _005_ (net)
                  0.21    0.00    4.18 ^ _571_/B (sky130_fd_sc_hd__xnor2_2)
     2    0.01    0.22    0.18    4.35 ^ _571_/Y (sky130_fd_sc_hd__xnor2_2)
                                         _006_ (net)
                  0.22    0.00    4.35 ^ _572_/B (sky130_fd_sc_hd__xnor2_2)
     2    0.01    0.09    0.13    4.48 v _572_/Y (sky130_fd_sc_hd__xnor2_2)
                                         _007_ (net)
                  0.09    0.00    4.48 v _489_/B (sky130_fd_sc_hd__xnor2_2)
     1    0.03    0.45    0.41    4.89 ^ _489_/Y (sky130_fd_sc_hd__xnor2_2)
                                         prod[5] (net)
                  0.45    0.00    4.89 ^ prod[5] (out)
                                  4.89   data arrival time

                  0.00   10.00   10.00   clock clk (rise edge)
                          0.00   10.00   clock network delay (ideal)
                         -0.25    9.75   clock uncertainty
                          0.00    9.75   clock reconvergence pessimism
                         -2.00    7.75   output external delay
                                  7.75   data required time
-----------------------------------------------------------------------------
                                  7.75   data required time
                                 -4.89   data arrival time
-----------------------------------------------------------------------------
                                  2.86   slack (MET)


Startpoint: a[2] (input port clocked by clk)
Endpoint: prod[4] (output port clocked by clk)
Path Group: clk
Path Type: max

Fanout     Cap    Slew   Delay    Time   Description
-----------------------------------------------------------------------------
                  0.00    0.00    0.00   clock clk (rise edge)
                          0.00    0.00   clock network delay (ideal)
                          2.00    2.00 ^ input external delay
     5    0.02    0.09    0.07    2.07 ^ a[2] (in)
                                         a[2] (net)
                  0.09    0.00    2.07 ^ _507_/A (sky130_fd_sc_hd__buf_1)
    10    0.04    0.44    0.39    2.45 ^ _507_/X (sky130_fd_sc_hd__buf_1)
                                         _257_ (net)
                  0.44    0.00    2.45 ^ _508_/B (sky130_fd_sc_hd__nand2_2)
     2    0.00    0.09    0.09    2.54 v _508_/Y (sky130_fd_sc_hd__nand2_2)
                                         _258_ (net)
                  0.09    0.00    2.54 v _509_/B (sky130_fd_sc_hd__or3b_2)
     2    0.01    0.09    0.49    3.03 v _509_/X (sky130_fd_sc_hd__or3b_2)
                                         _259_ (net)
                  0.09    0.00    3.03 v _514_/A (sky130_fd_sc_hd__and3_2)
     3    0.02    0.07    0.24    3.27 v _514_/X (sky130_fd_sc_hd__and3_2)
                                         _264_ (net)
                  0.07    0.00    3.27 v _531_/A1 (sky130_fd_sc_hd__a21o_2)
     2    0.01    0.06    0.23    3.50 v _531_/X (sky130_fd_sc_hd__a21o_2)
                                         _280_ (net)
                  0.06    0.00    3.50 v _539_/A (sky130_fd_sc_hd__xnor2_2)
     2    0.01    0.15    0.18    3.68 ^ _539_/Y (sky130_fd_sc_hd__xnor2_2)
                                         _288_ (net)
                  0.15    0.00    3.68 ^ _540_/C (sky130_fd_sc_hd__and3_2)
     2    0.01    0.08    0.23    3.92 ^ _540_/X (sky130_fd_sc_hd__and3_2)
                                         _289_ (net)
                  0.08    0.00    3.92 ^ _542_/A (sky130_fd_sc_hd__nor2_2)
     2    0.01    0.03    0.05    3.97 v _542_/Y (sky130_fd_sc_hd__nor2_2)
                                         _291_ (net)
                  0.03    0.00    3.97 v _543_/C (sky130_fd_sc_hd__and3_2)
     3    0.02    0.07    0.26    4.23 v _543_/X (sky130_fd_sc_hd__and3_2)
                                         _292_ (net)
                  0.07    0.00    4.23 v _495_/A (sky130_fd_sc_hd__nor2_2)
     1    0.03    0.38    0.36    4.58 ^ _495_/Y (sky130_fd_sc_hd__nor2_2)
                                         prod[4] (net)
                  0.38    0.00    4.58 ^ prod[4] (out)
                                  4.58   data arrival time

                  0.00   10.00   10.00   clock clk (rise edge)
                          0.00   10.00   clock network delay (ideal)
                         -0.25    9.75   clock uncertainty
                          0.00    9.75   clock reconvergence pessimism
                         -2.00    7.75   output external delay
                                  7.75   data required time
-----------------------------------------------------------------------------
                                  7.75   data required time
                                 -4.58   data arrival time
-----------------------------------------------------------------------------
                                  3.17   slack (MET)


Startpoint: b[0] (input port clocked by clk)
Endpoint: prod[3] (output port clocked by clk)
Path Group: clk
Path Type: max

Fanout     Cap    Slew   Delay    Time   Description
-----------------------------------------------------------------------------
                  0.00    0.00    0.00   clock clk (rise edge)
                          0.00    0.00   clock network delay (ideal)
                          2.00    2.00 ^ input external delay
     4    0.01    0.07    0.05    2.05 ^ b[0] (in)
                                         b[0] (net)
                  0.07    0.00    2.05 ^ _504_/A (sky130_fd_sc_hd__buf_1)
    10    0.04    0.47    0.40    2.45 ^ _504_/X (sky130_fd_sc_hd__buf_1)
                                         _255_ (net)
                  0.47    0.00    2.45 ^ _524_/A (sky130_fd_sc_hd__nand4_2)
     4    0.01    0.17    0.20    2.65 v _524_/Y (sky130_fd_sc_hd__nand4_2)
                                         _273_ (net)
                  0.17    0.00    2.65 v _527_/A1 (sky130_fd_sc_hd__a21o_2)
     2    0.00    0.04    0.25    2.90 v _527_/X (sky130_fd_sc_hd__a21o_2)
                                         _276_ (net)
                  0.04    0.00    2.90 v _530_/D (sky130_fd_sc_hd__and4_2)
     2    0.00    0.04    0.24    3.14 v _530_/X (sky130_fd_sc_hd__and4_2)
                                         _279_ (net)
                  0.04    0.00    3.14 v _496_/A (sky130_fd_sc_hd__or2b_2)
     1    0.01    0.07    0.32    3.46 v _496_/X (sky130_fd_sc_hd__or2b_2)
                                         _252_ (net)
                  0.07    0.00    3.46 v _497_/B (sky130_fd_sc_hd__xnor2_2)
     1    0.03    0.45    0.40    3.86 ^ _497_/Y (sky130_fd_sc_hd__xnor2_2)
                                         prod[3] (net)
                  0.45    0.00    3.86 ^ prod[3] (out)
                                  3.86   data arrival time

                  0.00   10.00   10.00   clock clk (rise edge)
                          0.00   10.00   clock network delay (ideal)
                         -0.25    9.75   clock uncertainty
                          0.00    9.75   clock reconvergence pessimism
                         -2.00    7.75   output external delay
                                  7.75   data required time
-----------------------------------------------------------------------------
                                  7.75   data required time
                                 -3.86   data arrival time
-----------------------------------------------------------------------------
                                  3.89   slack (MET)


Startpoint: a[2] (input port clocked by clk)
Endpoint: prod[2] (output port clocked by clk)
Path Group: clk
Path Type: max

Fanout     Cap    Slew   Delay    Time   Description
-----------------------------------------------------------------------------
                  0.00    0.00    0.00   clock clk (rise edge)
                          0.00    0.00   clock network delay (ideal)
                          2.00    2.00 ^ input external delay
     5    0.02    0.09    0.07    2.07 ^ a[2] (in)
                                         a[2] (net)
                  0.09    0.00    2.07 ^ _507_/A (sky130_fd_sc_hd__buf_1)
    10    0.04    0.44    0.39    2.45 ^ _507_/X (sky130_fd_sc_hd__buf_1)
                                         _257_ (net)
                  0.44    0.00    2.45 ^ _508_/B (sky130_fd_sc_hd__nand2_2)
     2    0.00    0.09    0.09    2.54 v _508_/Y (sky130_fd_sc_hd__nand2_2)
                                         _258_ (net)
                  0.09    0.00    2.54 v _509_/B (sky130_fd_sc_hd__or3b_2)
     2    0.01    0.09    0.49    3.03 v _509_/X (sky130_fd_sc_hd__or3b_2)
                                         _259_ (net)
                  0.09    0.00    3.03 v _514_/A (sky130_fd_sc_hd__and3_2)
     3    0.02    0.07    0.24    3.27 v _514_/X (sky130_fd_sc_hd__and3_2)
                                         _264_ (net)
                  0.07    0.00    3.27 v _515_/B (sky130_fd_sc_hd__nor2_2)
     1    0.04    0.39    0.34    3.61 ^ _515_/Y (sky130_fd_sc_hd__nor2_2)
                                         prod[2] (net)
                  0.39    0.00    3.61 ^ prod[2] (out)
                                  3.61   data arrival time

                  0.00   10.00   10.00   clock clk (rise edge)
                          0.00   10.00   clock network delay (ideal)
                         -0.25    9.75   clock uncertainty
                          0.00    9.75   clock reconvergence pessimism
                         -2.00    7.75   output external delay
                                  7.75   data required time
-----------------------------------------------------------------------------
                                  7.75   data required time
                                 -3.61   data arrival time
-----------------------------------------------------------------------------
                                  4.14   slack (MET)


Startpoint: b[0] (input port clocked by clk)
Endpoint: prod[1] (output port clocked by clk)
Path Group: clk
Path Type: max

Fanout     Cap    Slew   Delay    Time   Description
-----------------------------------------------------------------------------
                  0.00    0.00    0.00   clock clk (rise edge)
                          0.00    0.00   clock network delay (ideal)
                          2.00    2.00 ^ input external delay
     4    0.01    0.07    0.05    2.05 ^ b[0] (in)
                                         b[0] (net)
                  0.07    0.00    2.05 ^ _504_/A (sky130_fd_sc_hd__buf_1)
    10    0.04    0.47    0.40    2.45 ^ _504_/X (sky130_fd_sc_hd__buf_1)
                                         _255_ (net)
                  0.47    0.00    2.45 ^ _505_/B2 (sky130_fd_sc_hd__a22o_2)
     1    0.00    0.04    0.22    2.67 ^ _505_/X (sky130_fd_sc_hd__a22o_2)
                                         _256_ (net)
                  0.04    0.00    2.67 ^ _506_/B1 (sky130_fd_sc_hd__o21a_2)
     1    0.03    0.18    0.24    2.91 ^ _506_/X (sky130_fd_sc_hd__o21a_2)
                                         prod[1] (net)
                  0.18    0.00    2.91 ^ prod[1] (out)
                                  2.91   data arrival time

                  0.00   10.00   10.00   clock clk (rise edge)
                          0.00   10.00   clock network delay (ideal)
                         -0.25    9.75   clock uncertainty
                          0.00    9.75   clock reconvergence pessimism
                         -2.00    7.75   output external delay
                                  7.75   data required time
-----------------------------------------------------------------------------
                                  7.75   data required time
                                 -2.91   data arrival time
-----------------------------------------------------------------------------
                                  4.84   slack (MET)


Startpoint: a[0] (input port clocked by clk)
Endpoint: prod[0] (output port clocked by clk)
Path Group: clk
Path Type: max

Fanout     Cap    Slew   Delay    Time   Description
-----------------------------------------------------------------------------
                  0.00    0.00    0.00   clock clk (rise edge)
                          0.00    0.00   clock network delay (ideal)
                          2.00    2.00 ^ input external delay
     4    0.02    0.08    0.05    2.05 ^ a[0] (in)
                                         a[0] (net)
                  0.08    0.00    2.05 ^ _498_/A (sky130_fd_sc_hd__nand2_2)
     4    0.01    0.06    0.07    2.13 v _498_/Y (sky130_fd_sc_hd__nand2_2)
                                         _227_ (net)
                  0.06    0.00    2.13 v _499_/A (sky130_fd_sc_hd__inv_2)
     1    0.03    0.16    0.15    2.28 ^ _499_/Y (sky130_fd_sc_hd__inv_2)
                                         prod[0] (net)
                  0.16    0.00    2.28 ^ prod[0] (out)
                                  2.28   data arrival time

                  0.00   10.00   10.00   clock clk (rise edge)
                          0.00   10.00   clock network delay (ideal)
                         -0.25    9.75   clock uncertainty
                          0.00    9.75   clock reconvergence pessimism
                         -2.00    7.75   output external delay
                                  7.75   data required time
-----------------------------------------------------------------------------
                                  7.75   data required time
                                 -2.28   data arrival time
-----------------------------------------------------------------------------
                                  5.47   slack (MET)



worst slack corner Typical: 0.7251
