
===========================================================================
report_checks -unconstrained
===========================================================================
======================= Typical Corner ===================================

Startpoint: b[0] (input port clocked by clk)
Endpoint: prod[15] (output port clocked by clk)
Path Group: clk
Path Type: max

Fanout     Cap    Slew   Delay    Time   Description
-----------------------------------------------------------------------------
                  0.00    0.00    0.00   clock clk (rise edge)
                          0.00    0.00   clock network delay (ideal)
                          2.00    2.00 ^ input external delay
     1    0.00    0.02    0.01    2.01 ^ b[0] (in)
                                         b[0] (net)
                  0.02    0.00    2.01 ^ input9/A (sky130_fd_sc_hd__buf_1)
     4    0.01    0.13    0.14    2.15 ^ input9/X (sky130_fd_sc_hd__buf_1)
                                         net9 (net)
                  0.13    0.00    2.15 ^ _504_/A (sky130_fd_sc_hd__buf_2)
    10    0.03    0.15    0.23    2.38 ^ _504_/X (sky130_fd_sc_hd__buf_2)
                                         _255_ (net)
                  0.15    0.00    2.38 ^ _584_/A (sky130_fd_sc_hd__nand2_1)
     4    0.01    0.10    0.13    2.51 v _584_/Y (sky130_fd_sc_hd__nand2_1)
                                         _019_ (net)
                  0.10    0.00    2.51 v _627_/C (sky130_fd_sc_hd__or3_1)
     3    0.01    0.09    0.37    2.88 v _627_/X (sky130_fd_sc_hd__or3_1)
                                         _062_ (net)
                  0.09    0.00    2.88 v _629_/B (sky130_fd_sc_hd__and3_1)
     3    0.01    0.06    0.22    3.09 v _629_/X (sky130_fd_sc_hd__and3_1)
                                         _064_ (net)
                  0.06    0.00    3.09 v _631_/A (sky130_fd_sc_hd__or2_1)
     2    0.01    0.07    0.26    3.35 v _631_/X (sky130_fd_sc_hd__or2_1)
                                         _066_ (net)
                  0.07    0.00    3.35 v _632_/B (sky130_fd_sc_hd__xnor2_1)
     2    0.01    0.26    0.25    3.60 ^ _632_/Y (sky130_fd_sc_hd__xnor2_1)
                                         _067_ (net)
                  0.26    0.00    3.60 ^ _633_/B (sky130_fd_sc_hd__xnor2_1)
     2    0.00    0.07    0.12    3.72 v _633_/Y (sky130_fd_sc_hd__xnor2_1)
                                         _068_ (net)
                  0.07    0.00    3.72 v _635_/A (sky130_fd_sc_hd__or4_1)
     2    0.00    0.09    0.56    4.28 v _635_/X (sky130_fd_sc_hd__or4_1)
                                         _070_ (net)
                  0.09    0.00    4.28 v _636_/B_N (sky130_fd_sc_hd__or2b_1)
     1    0.00    0.06    0.19    4.47 ^ _636_/X (sky130_fd_sc_hd__or2b_1)
                                         _071_ (net)
                  0.06    0.00    4.47 ^ _637_/B (sky130_fd_sc_hd__xnor2_1)
     2    0.01    0.20    0.14    4.61 ^ _637_/Y (sky130_fd_sc_hd__xnor2_1)
                                         _072_ (net)
                  0.20    0.00    4.61 ^ _638_/B (sky130_fd_sc_hd__xor2_1)
     2    0.01    0.09    0.13    4.74 v _638_/X (sky130_fd_sc_hd__xor2_1)
                                         _073_ (net)
                  0.09    0.00    4.74 v _640_/A2 (sky130_fd_sc_hd__a21o_1)
     2    0.01    0.05    0.22    4.96 v _640_/X (sky130_fd_sc_hd__a21o_1)
                                         _075_ (net)
                  0.05    0.00    4.96 v _348_/A1 (sky130_fd_sc_hd__a21o_1)
     2    0.01    0.05    0.18    5.14 v _348_/X (sky130_fd_sc_hd__a21o_1)
                                         _113_ (net)
                  0.05    0.00    5.14 v _387_/A1 (sky130_fd_sc_hd__a21o_1)
     2    0.01    0.05    0.18    5.32 v _387_/X (sky130_fd_sc_hd__a21o_1)
                                         _152_ (net)
                  0.05    0.00    5.32 v _417_/A1 (sky130_fd_sc_hd__a21o_1)
     2    0.01    0.05    0.18    5.51 v _417_/X (sky130_fd_sc_hd__a21o_1)
                                         _181_ (net)
                  0.05    0.00    5.51 v _443_/A1 (sky130_fd_sc_hd__a21o_1)
     3    0.01    0.06    0.19    5.70 v _443_/X (sky130_fd_sc_hd__a21o_1)
                                         _206_ (net)
                  0.06    0.00    5.70 v _474_/A (sky130_fd_sc_hd__and3_1)
     2    0.01    0.06    0.17    5.87 v _474_/X (sky130_fd_sc_hd__and3_1)
                                         _236_ (net)
                  0.06    0.00    5.87 v _488_/A1 (sky130_fd_sc_hd__a211o_1)
     1    0.00    0.05    0.26    6.13 v _488_/X (sky130_fd_sc_hd__a211o_1)
                                         net23 (net)
                  0.05    0.00    6.13 v output23/A (sky130_fd_sc_hd__clkbuf_4)
     1    0.03    0.08    0.19    6.33 v output23/X (sky130_fd_sc_hd__clkbuf_4)
                                         prod[15] (net)
                  0.08    0.00    6.33 v prod[15] (out)
                                  6.33   data arrival time

                  0.00   10.00   10.00   clock clk (rise edge)
                          0.00   10.00   clock network delay (ideal)
                         -0.25    9.75   clock uncertainty
                          0.00    9.75   clock reconvergence pessimism
                         -2.00    7.75   output external delay
                                  7.75   data required time
-----------------------------------------------------------------------------
                                  7.75   data required time
                                 -6.33   data arrival time
-----------------------------------------------------------------------------
                                  1.42   slack (MET)




===========================================================================
report_checks --slack_max -0.01
============================================================================
======================= Typical Corner ===================================

No paths found.


===========================================================================
 report_check_types -max_slew -max_cap -max_fanout -violators
============================================================================
======================= Typical Corner ===================================


max slew violations count Typical: 0
max fanout violations count Typical: 0
max cap violations count Typical: 0

===========================================================================
report_parasitic_annotation -report_unannotated
============================================================================
Found 378 unannotated drivers.
 a[0]
 a[1]
 a[2]
 a[3]
 a[4]
 a[5]
 a[6]
 a[7]
 b[0]
 b[1]
 b[2]
 b[3]
 b[4]
 b[5]
 b[6]
 b[7]
 _314_/X
 _315_/Y
 _316_/Y
 _317_/X
 _318_/Y
 _319_/X
 _320_/X
 _321_/Y
 _322_/X
 _323_/Y
 _324_/Y
 _325_/X
 _326_/Y
 _327_/Y
 _328_/Y
 _329_/X
 _330_/Y
 _331_/Y
 _332_/X
 _333_/Y
 _334_/X
 _335_/X
 _336_/X
 _337_/X
 _338_/Y
 _339_/Y
 _340_/X
 _341_/X
 _342_/Y
 _343_/X
 _344_/Y
 _345_/Y
 _346_/Y
 _347_/X
 _348_/X
 _349_/X
 _350_/Y
 _351_/X
 _352_/Y
 _353_/X
 _354_/X
 _355_/Y
 _356_/X
 _357_/X
 _358_/X
 _359_/Y
 _360_/Y
 _361_/X
 _362_/Y
 _363_/Y
 _364_/X
 _365_/Y
 _366_/X
 _367_/X
 _368_/Y
 _369_/X
 _370_/X
 _371_/X
 _372_/Y
 _373_/X
 _374_/X
 _375_/X
 _376_/X
 _377_/Y
 _378_/X
 _379_/Y
 _380_/X
 _381_/Y
 _382_/X
 _383_/X
 _384_/Y
 _385_/X
 _386_/Y
 _387_/X
 _388_/X
 _389_/Y
 _390_/X
 _391_/X
 _392_/Y
 _393_/X
 _394_/Y
 _395_/Y
 _396_/X
 _397_/Y
 _398_/Y
 _399_/X
 _400_/Y
 _401_/Y
 _402_/X
 _403_/X
 _404_/Y
 _405_/Y
 _406_/X
 _407_/X
 _408_/Y
 _409_/X
 _410_/X
 _411_/Y
 _412_/X
 _413_/X
 _414_/X
 _415_/X
 _416_/X
 _417_/X
 _418_/Y
 _419_/Y
 _420_/X
 _421_/X
 _422_/X
 _423_/X
 _424_/X
 _425_/X
 _426_/Y
 _427_/X
 _428_/Y
 _429_/X
 _430_/Y
 _431_/X
 _432_/X
 _433_/Y
 _434_/Y
 _435_/X
 _436_/X
 _437_/Y
 _438_/Y
 _439_/X
 _440_/Y
 _441_/X
 _442_/X
 _443_/X
 _444_/X
 _445_/X
 _446_/Y
 _447_/X
 _448_/X
 _449_/X
 _450_/Y
 _451_/Y
 _452_/X
 _453_/X
 _454_/Y
 _455_/X
 _456_/X
 _457_/Y
 _458_/X
 _459_/Y
 _460_/X
 _461_/X
 _462_/X
 _463_/Y
 _464_/X
 _465_/X
 _466_/Y
 _467_/X
 _468_/Y
 _469_/Y
 _470_/X
 _471_/X
 _472_/Y
 _473_/Y
 _474_/X
 _475_/X
 _476_/X
 _477_/Y
 _478_/X
 _479_/Y
 _480_/X
 _481_/Y
 _482_/X
 _483_/Y
 _484_/Y
 _485_/X
 _486_/X
 _487_/X
 _488_/X
 _489_/Y
 _490_/X
 _491_/X
 _492_/X
 _493_/X
 _494_/Y
 _495_/Y
 _496_/X
 _497_/Y
 _498_/Y
 _499_/Y
 _500_/X
 _501_/Y
 _502_/X
 _503_/X
 _504_/X
 _505_/X
 _506_/X
 _507_/X
 _508_/Y
 _509_/X
 _510_/X
 _511_/X
 _512_/X
 _513_/Y
 _514_/X
 _515_/Y
 _516_/X
 _517_/X
 _518_/Y
 _519_/Y
 _520_/X
 _521_/X
 _522_/X
 _523_/X
 _524_/Y
 _525_/X
 _526_/X
 _527_/X
 _528_/Y
 _529_/X
 _530_/X
 _531_/X
 _532_/Y
 _533_/Y
 _534_/X
 _535_/X
 _536_/X
 _537_/Y
 _538_/Y
 _539_/Y
 _540_/X
 _541_/Y
 _542_/Y
 _543_/X
 _544_/Y
 _545_/Y
 _546_/Y
 _547_/X
 _548_/Y
 _549_/Y
 _550_/Y
 _551_/Y
 _552_/X
 _553_/X
 _554_/Y
 _555_/Y
 _556_/Y
 _557_/X
 _558_/Y
 _559_/Y
 _560_/Y
 _561_/X
 _562_/X
 _563_/Y
 _564_/X
 _565_/Y
 _566_/X
 _567_/Y
 _568_/X
 _569_/X
 _570_/X
 _571_/Y
 _572_/Y
 _573_/Y
 _574_/Y
 _575_/X
 _576_/Y
 _577_/X
 _578_/Y
 _579_/Y
 _580_/X
 _581_/X
 _582_/X
 _583_/Y
 _584_/Y
 _585_/X
 _586_/Y
 _587_/Y
 _588_/Y
 _589_/X
 _590_/Y
 _591_/X
 _592_/X
 _593_/X
 _594_/X
 _595_/X
 _596_/X
 _597_/X
 _598_/X
 _599_/X
 _600_/X
 _601_/X
 _602_/X
 _603_/X
 _604_/Y
 _605_/X
 _606_/Y
 _607_/Y
 _608_/X
 _609_/X
 _610_/X
 _611_/Y
 _612_/Y
 _613_/X
 _614_/Y
 _615_/X
 _616_/Y
 _617_/Y
 _618_/X
 _619_/X
 _620_/X
 _621_/Y
 _622_/X
 _623_/X
 _624_/X
 _625_/Y
 _626_/Y
 _627_/X
 _628_/Y
 _629_/X
 _630_/Y
 _631_/X
 _632_/Y
 _633_/Y
 _634_/X
 _635_/X
 _636_/X
 _637_/Y
 _638_/X
 _639_/X
 _640_/X
 _641_/X
 _642_/Y
 _643_/X
 input1/X
 input10/X
 input11/X
 input12/X
 input13/X
 input14/X
 input15/X
 input16/X
 input2/X
 input3/X
 input4/X
 input5/X
 input6/X
 input7/X
 input8/X
 input9/X
 output17/X
 output18/X
 output19/X
 output20/X
 output21/X
 output22/X
 output23/X
 output24/X
 output25/X
 output26/X
 output27/X
 output28/X
 output29/X
 output30/X
 output31/X
 output32/X
Found 0 partially unannotated drivers.

===========================================================================
max slew violation count 0
max fanout violation count 0
max cap violation count 0
============================================================================

===========================================================================
check_setup -verbose -unconstrained_endpoints -multiple_clock -no_clock -no_input_delay -loops -generated_clocks
===========================================================================
