
===========================================================================
report_checks -path_delay min (Hold)
============================================================================
======================= Typical Corner ===================================

Startpoint: a[0] (input port clocked by clk)
Endpoint: prod[0] (output port clocked by clk)
Path Group: clk
Path Type: min

Fanout     Cap    Slew   Delay    Time   Description
-----------------------------------------------------------------------------
                  0.00    0.00    0.00   clock clk (rise edge)
                          0.00    0.00   clock network delay (ideal)
                          2.00    2.00 v input external delay
     1    0.00    0.01    0.00    2.00 v a[0] (in)
                                         a[0] (net)
                  0.01    0.00    2.00 v input1/A (sky130_fd_sc_hd__buf_1)
     4    0.01    0.07    0.10    2.11 v input1/X (sky130_fd_sc_hd__buf_1)
                                         net1 (net)
                  0.07    0.00    2.11 v _498_/A (sky130_fd_sc_hd__nand2_1)
     4    0.01    0.13    0.13    2.24 ^ _498_/Y (sky130_fd_sc_hd__nand2_1)
                                         _227_ (net)
                  0.13    0.00    2.24 ^ _499_/A (sky130_fd_sc_hd__inv_2)
     1    0.00    0.03    0.04    2.27 v _499_/Y (sky130_fd_sc_hd__inv_2)
                                         net17 (net)
                  0.03    0.00    2.27 v output17/A (sky130_fd_sc_hd__clkbuf_4)
     1    0.03    0.08    0.17    2.44 v output17/X (sky130_fd_sc_hd__clkbuf_4)
                                         prod[0] (net)
                  0.08    0.00    2.44 v prod[0] (out)
                                  2.44   data arrival time

                  0.00    0.00    0.00   clock clk (rise edge)
                          0.00    0.00   clock network delay (ideal)
                          0.25    0.25   clock uncertainty
                          0.00    0.25   clock reconvergence pessimism
                         -2.00   -1.75   output external delay
                                 -1.75   data required time
-----------------------------------------------------------------------------
                                 -1.75   data required time
                                 -2.44   data arrival time
-----------------------------------------------------------------------------
                                  4.19   slack (MET)


Startpoint: a[1] (input port clocked by clk)
Endpoint: prod[1] (output port clocked by clk)
Path Group: clk
Path Type: min

Fanout     Cap    Slew   Delay    Time   Description
-----------------------------------------------------------------------------
                  0.00    0.00    0.00   clock clk (rise edge)
                          0.00    0.00   clock network delay (ideal)
                          2.00    2.00 v input external delay
     1    0.00    0.01    0.01    2.01 v a[1] (in)
                                         a[1] (net)
                  0.01    0.00    2.01 v input2/A (sky130_fd_sc_hd__buf_1)
     4    0.01    0.07    0.11    2.11 v input2/X (sky130_fd_sc_hd__buf_1)
                                         net2 (net)
                  0.07    0.00    2.11 v _501_/B (sky130_fd_sc_hd__nand2_1)
     2    0.01    0.07    0.09    2.20 ^ _501_/Y (sky130_fd_sc_hd__nand2_1)
                                         _251_ (net)
                  0.07    0.00    2.20 ^ _506_/A2 (sky130_fd_sc_hd__o21a_1)
     1    0.00    0.04    0.10    2.30 ^ _506_/X (sky130_fd_sc_hd__o21a_1)
                                         net24 (net)
                  0.04    0.00    2.30 ^ output24/A (sky130_fd_sc_hd__clkbuf_4)
     1    0.03    0.11    0.17    2.48 ^ output24/X (sky130_fd_sc_hd__clkbuf_4)
                                         prod[1] (net)
                  0.11    0.00    2.48 ^ prod[1] (out)
                                  2.48   data arrival time

                  0.00    0.00    0.00   clock clk (rise edge)
                          0.00    0.00   clock network delay (ideal)
                          0.25    0.25   clock uncertainty
                          0.00    0.25   clock reconvergence pessimism
                         -2.00   -1.75   output external delay
                                 -1.75   data required time
-----------------------------------------------------------------------------
                                 -1.75   data required time
                                 -2.48   data arrival time
-----------------------------------------------------------------------------
                                  4.23   slack (MET)


Startpoint: a[0] (input port clocked by clk)
Endpoint: prod[4] (output port clocked by clk)
Path Group: clk
Path Type: min

Fanout     Cap    Slew   Delay    Time   Description
-----------------------------------------------------------------------------
                  0.00    0.00    0.00   clock clk (rise edge)
                          0.00    0.00   clock network delay (ideal)
                          2.00    2.00 v input external delay
     1    0.00    0.01    0.00    2.00 v a[0] (in)
                                         a[0] (net)
                  0.01    0.00    2.00 v input1/A (sky130_fd_sc_hd__buf_1)
     4    0.01    0.07    0.10    2.11 v input1/X (sky130_fd_sc_hd__buf_1)
                                         net1 (net)
                  0.07    0.00    2.11 v _502_/A (sky130_fd_sc_hd__buf_2)
    10    0.02    0.06    0.16    2.27 v _502_/X (sky130_fd_sc_hd__buf_2)
                                         _253_ (net)
                  0.06    0.00    2.27 v _494_/A1 (sky130_fd_sc_hd__a21oi_1)
     1    0.00    0.10    0.13    2.39 ^ _494_/Y (sky130_fd_sc_hd__a21oi_1)
                                         _250_ (net)
                  0.10    0.00    2.39 ^ _495_/B (sky130_fd_sc_hd__nor2_1)
     1    0.00    0.03    0.05    2.44 v _495_/Y (sky130_fd_sc_hd__nor2_1)
                                         net27 (net)
                  0.03    0.00    2.44 v output27/A (sky130_fd_sc_hd__clkbuf_4)
     1    0.03    0.08    0.17    2.61 v output27/X (sky130_fd_sc_hd__clkbuf_4)
                                         prod[4] (net)
                  0.08    0.00    2.61 v prod[4] (out)
                                  2.61   data arrival time

                  0.00    0.00    0.00   clock clk (rise edge)
                          0.00    0.00   clock network delay (ideal)
                          0.25    0.25   clock uncertainty
                          0.00    0.25   clock reconvergence pessimism
                         -2.00   -1.75   output external delay
                                 -1.75   data required time
-----------------------------------------------------------------------------
                                 -1.75   data required time
                                 -2.61   data arrival time
-----------------------------------------------------------------------------
                                  4.36   slack (MET)


Startpoint: a[1] (input port clocked by clk)
Endpoint: prod[2] (output port clocked by clk)
Path Group: clk
Path Type: min

Fanout     Cap    Slew   Delay    Time   Description
-----------------------------------------------------------------------------
                  0.00    0.00    0.00   clock clk (rise edge)
                          0.00    0.00   clock network delay (ideal)
                          2.00    2.00 v input external delay
     1    0.00    0.01    0.01    2.01 v a[1] (in)
                                         a[1] (net)
                  0.01    0.00    2.01 v input2/A (sky130_fd_sc_hd__buf_1)
     4    0.01    0.07    0.11    2.11 v input2/X (sky130_fd_sc_hd__buf_1)
                                         net2 (net)
                  0.07    0.00    2.11 v _501_/B (sky130_fd_sc_hd__nand2_1)
     2    0.01    0.07    0.09    2.20 ^ _501_/Y (sky130_fd_sc_hd__nand2_1)
                                         _251_ (net)
                  0.07    0.00    2.20 ^ _509_/A (sky130_fd_sc_hd__or3b_1)
     2    0.01    0.06    0.11    2.31 ^ _509_/X (sky130_fd_sc_hd__or3b_1)
                                         _259_ (net)
                  0.06    0.00    2.31 ^ _513_/A1 (sky130_fd_sc_hd__a21oi_1)
     1    0.00    0.04    0.06    2.37 v _513_/Y (sky130_fd_sc_hd__a21oi_1)
                                         _263_ (net)
                  0.04    0.00    2.37 v _515_/A (sky130_fd_sc_hd__nor2_1)
     1    0.00    0.07    0.08    2.46 ^ _515_/Y (sky130_fd_sc_hd__nor2_1)
                                         net25 (net)
                  0.07    0.00    2.46 ^ output25/A (sky130_fd_sc_hd__clkbuf_4)
     1    0.03    0.11    0.18    2.64 ^ output25/X (sky130_fd_sc_hd__clkbuf_4)
                                         prod[2] (net)
                  0.11    0.00    2.64 ^ prod[2] (out)
                                  2.64   data arrival time

                  0.00    0.00    0.00   clock clk (rise edge)
                          0.00    0.00   clock network delay (ideal)
                          0.25    0.25   clock uncertainty
                          0.00    0.25   clock reconvergence pessimism
                         -2.00   -1.75   output external delay
                                 -1.75   data required time
-----------------------------------------------------------------------------
                                 -1.75   data required time
                                 -2.64   data arrival time
-----------------------------------------------------------------------------
                                  4.39   slack (MET)


Startpoint: a[0] (input port clocked by clk)
Endpoint: prod[5] (output port clocked by clk)
Path Group: clk
Path Type: min

Fanout     Cap    Slew   Delay    Time   Description
-----------------------------------------------------------------------------
                  0.00    0.00    0.00   clock clk (rise edge)
                          0.00    0.00   clock network delay (ideal)
                          2.00    2.00 v input external delay
     1    0.00    0.01    0.00    2.00 v a[0] (in)
                                         a[0] (net)
                  0.01    0.00    2.00 v input1/A (sky130_fd_sc_hd__buf_1)
     4    0.01    0.07    0.10    2.11 v input1/X (sky130_fd_sc_hd__buf_1)
                                         net1 (net)
                  0.07    0.00    2.11 v _502_/A (sky130_fd_sc_hd__buf_2)
    10    0.02    0.06    0.16    2.27 v _502_/X (sky130_fd_sc_hd__buf_2)
                                         _253_ (net)
                  0.06    0.00    2.27 v _543_/A (sky130_fd_sc_hd__and3_1)
     3    0.01    0.08    0.18    2.45 v _543_/X (sky130_fd_sc_hd__and3_1)
                                         _292_ (net)
                  0.08    0.00    2.45 v _489_/A (sky130_fd_sc_hd__xnor2_1)
     1    0.00    0.03    0.12    2.57 v _489_/Y (sky130_fd_sc_hd__xnor2_1)
                                         net28 (net)
                  0.03    0.00    2.57 v output28/A (sky130_fd_sc_hd__clkbuf_4)
     1    0.03    0.08    0.17    2.74 v output28/X (sky130_fd_sc_hd__clkbuf_4)
                                         prod[5] (net)
                  0.08    0.00    2.74 v prod[5] (out)
                                  2.74   data arrival time

                  0.00    0.00    0.00   clock clk (rise edge)
                          0.00    0.00   clock network delay (ideal)
                          0.25    0.25   clock uncertainty
                          0.00    0.25   clock reconvergence pessimism
                         -2.00   -1.75   output external delay
                                 -1.75   data required time
-----------------------------------------------------------------------------
                                 -1.75   data required time
                                 -2.74   data arrival time
-----------------------------------------------------------------------------
                                  4.49   slack (MET)


Startpoint: b[5] (input port clocked by clk)
Endpoint: prod[6] (output port clocked by clk)
Path Group: clk
Path Type: min

Fanout     Cap    Slew   Delay    Time   Description
-----------------------------------------------------------------------------
                  0.00    0.00    0.00   clock clk (rise edge)
                          0.00    0.00   clock network delay (ideal)
                          2.00    2.00 v input external delay
     1    0.00    0.01    0.00    2.00 v b[5] (in)
                                         b[5] (net)
                  0.01    0.00    2.00 v input14/A (sky130_fd_sc_hd__buf_2)
    10    0.03    0.09    0.15    2.15 v input14/X (sky130_fd_sc_hd__buf_2)
                                         net14 (net)
                  0.09    0.00    2.16 v _546_/B (sky130_fd_sc_hd__nand2_1)
     2    0.01    0.09    0.11    2.26 ^ _546_/Y (sky130_fd_sc_hd__nand2_1)
                                         _295_ (net)
                  0.09    0.00    2.26 ^ _548_/A2 (sky130_fd_sc_hd__o21ai_2)
     2    0.01    0.04    0.06    2.32 v _548_/Y (sky130_fd_sc_hd__o21ai_2)
                                         _297_ (net)
                  0.04    0.00    2.32 v _573_/A (sky130_fd_sc_hd__nor2_1)
     1    0.00    0.08    0.09    2.41 ^ _573_/Y (sky130_fd_sc_hd__nor2_1)
                                         _008_ (net)
                  0.08    0.00    2.41 ^ _574_/B1_N (sky130_fd_sc_hd__o21bai_1)
     2    0.01    0.12    0.14    2.56 ^ _574_/Y (sky130_fd_sc_hd__o21bai_1)
                                         _009_ (net)
                  0.12    0.00    2.56 ^ _490_/A (sky130_fd_sc_hd__xor2_1)
     1    0.00    0.03    0.07    2.63 v _490_/X (sky130_fd_sc_hd__xor2_1)
                                         net29 (net)
                  0.03    0.00    2.63 v output29/A (sky130_fd_sc_hd__buf_2)
     1    0.03    0.09    0.17    2.80 v output29/X (sky130_fd_sc_hd__buf_2)
                                         prod[6] (net)
                  0.09    0.00    2.80 v prod[6] (out)
                                  2.80   data arrival time

                  0.00    0.00    0.00   clock clk (rise edge)
                          0.00    0.00   clock network delay (ideal)
                          0.25    0.25   clock uncertainty
                          0.00    0.25   clock reconvergence pessimism
                         -2.00   -1.75   output external delay
                                 -1.75   data required time
-----------------------------------------------------------------------------
                                 -1.75   data required time
                                 -2.80   data arrival time
-----------------------------------------------------------------------------
                                  4.55   slack (MET)


Startpoint: a[1] (input port clocked by clk)
Endpoint: prod[3] (output port clocked by clk)
Path Group: clk
Path Type: min

Fanout     Cap    Slew   Delay    Time   Description
-----------------------------------------------------------------------------
                  0.00    0.00    0.00   clock clk (rise edge)
                          0.00    0.00   clock network delay (ideal)
                          2.00    2.00 v input external delay
     1    0.00    0.01    0.01    2.01 v a[1] (in)
                                         a[1] (net)
                  0.01    0.00    2.01 v input2/A (sky130_fd_sc_hd__buf_1)
     4    0.01    0.07    0.11    2.11 v input2/X (sky130_fd_sc_hd__buf_1)
                                         net2 (net)
                  0.07    0.00    2.11 v _501_/B (sky130_fd_sc_hd__nand2_1)
     2    0.01    0.07    0.09    2.20 ^ _501_/Y (sky130_fd_sc_hd__nand2_1)
                                         _251_ (net)
                  0.07    0.00    2.20 ^ _509_/A (sky130_fd_sc_hd__or3b_1)
     2    0.01    0.06    0.11    2.31 ^ _509_/X (sky130_fd_sc_hd__or3b_1)
                                         _259_ (net)
                  0.06    0.00    2.31 ^ _514_/A (sky130_fd_sc_hd__and3_1)
     3    0.01    0.09    0.16    2.47 ^ _514_/X (sky130_fd_sc_hd__and3_1)
                                         _264_ (net)
                  0.09    0.00    2.47 ^ rebuffer8/A (sky130_fd_sc_hd__clkbuf_1)
     1    0.00    0.07    0.10    2.58 ^ rebuffer8/X (sky130_fd_sc_hd__clkbuf_1)
                                         net40 (net)
                  0.07    0.00    2.58 ^ _497_/A (sky130_fd_sc_hd__xnor2_1)
     1    0.00    0.04    0.07    2.65 v _497_/Y (sky130_fd_sc_hd__xnor2_1)
                                         net26 (net)
                  0.04    0.00    2.65 v output26/A (sky130_fd_sc_hd__clkbuf_4)
     1    0.03    0.08    0.17    2.82 v output26/X (sky130_fd_sc_hd__clkbuf_4)
                                         prod[3] (net)
                  0.08    0.00    2.82 v prod[3] (out)
                                  2.82   data arrival time

                  0.00    0.00    0.00   clock clk (rise edge)
                          0.00    0.00   clock network delay (ideal)
                          0.25    0.25   clock uncertainty
                          0.00    0.25   clock reconvergence pessimism
                         -2.00   -1.75   output external delay
                                 -1.75   data required time
-----------------------------------------------------------------------------
                                 -1.75   data required time
                                 -2.82   data arrival time
-----------------------------------------------------------------------------
                                  4.57   slack (MET)


Startpoint: a[6] (input port clocked by clk)
Endpoint: prod[15] (output port clocked by clk)
Path Group: clk
Path Type: min

Fanout     Cap    Slew   Delay    Time   Description
-----------------------------------------------------------------------------
                  0.00    0.00    0.00   clock clk (rise edge)
                          0.00    0.00   clock network delay (ideal)
                          2.00    2.00 v input external delay
     1    0.00    0.01    0.01    2.01 v a[6] (in)
                                         a[6] (net)
                  0.01    0.00    2.01 v input7/A (sky130_fd_sc_hd__buf_1)
     3    0.01    0.06    0.10    2.10 v input7/X (sky130_fd_sc_hd__buf_1)
                                         net7 (net)
                  0.06    0.00    2.10 v _332_/A (sky130_fd_sc_hd__buf_2)
    10    0.02    0.07    0.16    2.26 v _332_/X (sky130_fd_sc_hd__buf_2)
                                         _097_ (net)
                  0.07    0.00    2.26 v _446_/A (sky130_fd_sc_hd__nand2_1)
     2    0.01    0.07    0.08    2.35 ^ _446_/Y (sky130_fd_sc_hd__nand2_1)
                                         _209_ (net)
                  0.07    0.00    2.35 ^ _476_/C (sky130_fd_sc_hd__and3_1)
     2    0.01    0.09    0.18    2.52 ^ _476_/X (sky130_fd_sc_hd__and3_1)
                                         _238_ (net)
                  0.09    0.00    2.52 ^ _486_/A2 (sky130_fd_sc_hd__a21bo_1)
     1    0.01    0.06    0.13    2.65 ^ _486_/X (sky130_fd_sc_hd__a21bo_1)
                                         _248_ (net)
                  0.06    0.00    2.65 ^ _488_/B1 (sky130_fd_sc_hd__a211o_1)
     1    0.01    0.06    0.11    2.76 ^ _488_/X (sky130_fd_sc_hd__a211o_1)
                                         net23 (net)
                  0.06    0.00    2.76 ^ output23/A (sky130_fd_sc_hd__buf_6)
     1    0.04    0.08    0.13    2.88 ^ output23/X (sky130_fd_sc_hd__buf_6)
                                         prod[15] (net)
                  0.08    0.00    2.89 ^ prod[15] (out)
                                  2.89   data arrival time

                  0.00    0.00    0.00   clock clk (rise edge)
                          0.00    0.00   clock network delay (ideal)
                          0.25    0.25   clock uncertainty
                          0.00    0.25   clock reconvergence pessimism
                         -2.00   -1.75   output external delay
                                 -1.75   data required time
-----------------------------------------------------------------------------
                                 -1.75   data required time
                                 -2.89   data arrival time
-----------------------------------------------------------------------------
                                  4.64   slack (MET)


Startpoint: b[4] (input port clocked by clk)
Endpoint: prod[8] (output port clocked by clk)
Path Group: clk
Path Type: min

Fanout     Cap    Slew   Delay    Time   Description
-----------------------------------------------------------------------------
                  0.00    0.00    0.00   clock clk (rise edge)
                          0.00    0.00   clock network delay (ideal)
                          2.00    2.00 v input external delay
     1    0.00    0.01    0.00    2.00 v b[4] (in)
                                         b[4] (net)
                  0.01    0.00    2.00 v input13/A (sky130_fd_sc_hd__buf_1)
     3    0.01    0.07    0.10    2.10 v input13/X (sky130_fd_sc_hd__buf_1)
                                         net13 (net)
                  0.07    0.00    2.10 v _516_/A (sky130_fd_sc_hd__buf_2)
    10    0.02    0.06    0.16    2.26 v _516_/X (sky130_fd_sc_hd__buf_2)
                                         _265_ (net)
                  0.06    0.00    2.26 v _324_/B (sky130_fd_sc_hd__nand2_1)
     4    0.01    0.11    0.11    2.38 ^ _324_/Y (sky130_fd_sc_hd__nand2_1)
                                         _089_ (net)
                  0.11    0.00    2.38 ^ _326_/B (sky130_fd_sc_hd__nand2_1)
     1    0.00    0.04    0.06    2.44 v _326_/Y (sky130_fd_sc_hd__nand2_1)
                                         _091_ (net)
                  0.04    0.00    2.44 v _327_/B (sky130_fd_sc_hd__nand2_1)
     2    0.01    0.07    0.08    2.52 ^ _327_/Y (sky130_fd_sc_hd__nand2_1)
                                         _092_ (net)
                  0.07    0.00    2.52 ^ _346_/A (sky130_fd_sc_hd__xnor2_1)
     2    0.01    0.11    0.15    2.67 ^ _346_/Y (sky130_fd_sc_hd__xnor2_1)
                                         _111_ (net)
                  0.11    0.00    2.67 ^ _492_/B (sky130_fd_sc_hd__xor2_1)
     1    0.00    0.03    0.07    2.74 v _492_/X (sky130_fd_sc_hd__xor2_1)
                                         net31 (net)
                  0.03    0.00    2.74 v output31/A (sky130_fd_sc_hd__buf_2)
     1    0.03    0.09    0.17    2.90 v output31/X (sky130_fd_sc_hd__buf_2)
                                         prod[8] (net)
                  0.09    0.00    2.90 v prod[8] (out)
                                  2.90   data arrival time

                  0.00    0.00    0.00   clock clk (rise edge)
                          0.00    0.00   clock network delay (ideal)
                          0.25    0.25   clock uncertainty
                          0.00    0.25   clock reconvergence pessimism
                         -2.00   -1.75   output external delay
                                 -1.75   data required time
-----------------------------------------------------------------------------
                                 -1.75   data required time
                                 -2.90   data arrival time
-----------------------------------------------------------------------------
                                  4.65   slack (MET)


Startpoint: b[6] (input port clocked by clk)
Endpoint: prod[7] (output port clocked by clk)
Path Group: clk
Path Type: min

Fanout     Cap    Slew   Delay    Time   Description
-----------------------------------------------------------------------------
                  0.00    0.00    0.00   clock clk (rise edge)
                          0.00    0.00   clock network delay (ideal)
                          2.00    2.00 v input external delay
     1    0.00    0.01    0.01    2.01 v b[6] (in)
                                         b[6] (net)
                  0.01    0.00    2.01 v input15/A (sky130_fd_sc_hd__buf_1)
     3    0.01    0.05    0.09    2.09 v input15/X (sky130_fd_sc_hd__buf_1)
                                         net15 (net)
                  0.05    0.00    2.09 v _575_/B (sky130_fd_sc_hd__and2_1)
     4    0.01    0.05    0.16    2.26 v _575_/X (sky130_fd_sc_hd__and2_1)
                                         _010_ (net)
                  0.05    0.00    2.26 v _579_/A (sky130_fd_sc_hd__nand2_1)
     3    0.01    0.07    0.08    2.34 ^ _579_/Y (sky130_fd_sc_hd__nand2_1)
                                         _014_ (net)
                  0.07    0.00    2.34 ^ _614_/A (sky130_fd_sc_hd__nor2_1)
     3    0.01    0.05    0.06    2.40 v _614_/Y (sky130_fd_sc_hd__nor2_1)
                                         _049_ (net)
                  0.05    0.00    2.40 v _616_/A (sky130_fd_sc_hd__nor2_1)
     2    0.01    0.13    0.13    2.53 ^ _616_/Y (sky130_fd_sc_hd__nor2_1)
                                         _051_ (net)
                  0.13    0.00    2.53 ^ _638_/A (sky130_fd_sc_hd__xor2_1)
     2    0.01    0.05    0.10    2.63 v _638_/X (sky130_fd_sc_hd__xor2_1)
                                         _073_ (net)
                  0.05    0.00    2.63 v _491_/B (sky130_fd_sc_hd__xor2_1)
     1    0.00    0.04    0.13    2.77 v _491_/X (sky130_fd_sc_hd__xor2_1)
                                         net30 (net)
                  0.04    0.00    2.77 v output30/A (sky130_fd_sc_hd__clkbuf_4)
     1    0.04    0.09    0.18    2.94 v output30/X (sky130_fd_sc_hd__clkbuf_4)
                                         prod[7] (net)
                  0.09    0.00    2.94 v prod[7] (out)
                                  2.94   data arrival time

                  0.00    0.00    0.00   clock clk (rise edge)
                          0.00    0.00   clock network delay (ideal)
                          0.25    0.25   clock uncertainty
                          0.00    0.25   clock reconvergence pessimism
                         -2.00   -1.75   output external delay
                                 -1.75   data required time
-----------------------------------------------------------------------------
                                 -1.75   data required time
                                 -2.94   data arrival time
-----------------------------------------------------------------------------
                                  4.69   slack (MET)


Startpoint: b[3] (input port clocked by clk)
Endpoint: prod[11] (output port clocked by clk)
Path Group: clk
Path Type: min

Fanout     Cap    Slew   Delay    Time   Description
-----------------------------------------------------------------------------
                  0.00    0.00    0.00   clock clk (rise edge)
                          0.00    0.00   clock network delay (ideal)
                          2.00    2.00 v input external delay
     1    0.00    0.01    0.01    2.01 v b[3] (in)
                                         b[3] (net)
                  0.01    0.00    2.01 v input12/A (sky130_fd_sc_hd__clkbuf_2)
     4    0.01    0.06    0.11    2.12 v input12/X (sky130_fd_sc_hd__clkbuf_2)
                                         net12 (net)
                  0.06    0.00    2.12 v _560_/A (sky130_fd_sc_hd__inv_2)
     2    0.01    0.04    0.05    2.17 ^ _560_/Y (sky130_fd_sc_hd__inv_2)
                                         _309_ (net)
                  0.04    0.00    2.17 ^ _374_/A (sky130_fd_sc_hd__or3_1)
     3    0.01    0.09    0.13    2.30 ^ _374_/X (sky130_fd_sc_hd__or3_1)
                                         _139_ (net)
                  0.09    0.00    2.30 ^ _438_/B1_N (sky130_fd_sc_hd__a21boi_1)
     1    0.00    0.10    0.16    2.45 ^ _438_/Y (sky130_fd_sc_hd__a21boi_1)
                                         _202_ (net)
                  0.10    0.00    2.45 ^ _439_/C (sky130_fd_sc_hd__and3_1)
     2    0.01    0.10    0.19    2.64 ^ _439_/X (sky130_fd_sc_hd__and3_1)
                                         _203_ (net)
                  0.10    0.00    2.64 ^ _440_/B (sky130_fd_sc_hd__xnor2_1)
     2    0.01    0.10    0.15    2.79 ^ _440_/Y (sky130_fd_sc_hd__xnor2_1)
                                         _204_ (net)
                  0.10    0.00    2.79 ^ _441_/B (sky130_fd_sc_hd__xor2_1)
     1    0.00    0.03    0.07    2.86 v _441_/X (sky130_fd_sc_hd__xor2_1)
                                         net19 (net)
                  0.03    0.00    2.86 v output19/A (sky130_fd_sc_hd__buf_2)
     1    0.03    0.09    0.17    3.03 v output19/X (sky130_fd_sc_hd__buf_2)
                                         prod[11] (net)
                  0.09    0.00    3.03 v prod[11] (out)
                                  3.03   data arrival time

                  0.00    0.00    0.00   clock clk (rise edge)
                          0.00    0.00   clock network delay (ideal)
                          0.25    0.25   clock uncertainty
                          0.00    0.25   clock reconvergence pessimism
                         -2.00   -1.75   output external delay
                                 -1.75   data required time
-----------------------------------------------------------------------------
                                 -1.75   data required time
                                 -3.03   data arrival time
-----------------------------------------------------------------------------
                                  4.78   slack (MET)


Startpoint: a[3] (input port clocked by clk)
Endpoint: prod[13] (output port clocked by clk)
Path Group: clk
Path Type: min

Fanout     Cap    Slew   Delay    Time   Description
-----------------------------------------------------------------------------
                  0.00    0.00    0.00   clock clk (rise edge)
                          0.00    0.00   clock network delay (ideal)
                          2.00    2.00 v input external delay
     1    0.00    0.01    0.01    2.01 v a[3] (in)
                                         a[3] (net)
                  0.01    0.00    2.01 v input4/A (sky130_fd_sc_hd__clkbuf_2)
     3    0.01    0.05    0.10    2.11 v input4/X (sky130_fd_sc_hd__clkbuf_2)
                                         net4 (net)
                  0.05    0.00    2.11 v _559_/A (sky130_fd_sc_hd__inv_2)
     4    0.01    0.05    0.06    2.17 ^ _559_/Y (sky130_fd_sc_hd__inv_2)
                                         _308_ (net)
                  0.05    0.00    2.17 ^ _356_/A (sky130_fd_sc_hd__or3_1)
     3    0.01    0.07    0.12    2.28 ^ _356_/X (sky130_fd_sc_hd__or3_1)
                                         _121_ (net)
                  0.07    0.00    2.28 ^ _432_/A (sky130_fd_sc_hd__and3_1)
     2    0.01    0.11    0.19    2.47 ^ _432_/X (sky130_fd_sc_hd__and3_1)
                                         _196_ (net)
                  0.11    0.00    2.47 ^ _444_/A (sky130_fd_sc_hd__or2b_1)
     2    0.01    0.07    0.13    2.60 ^ _444_/X (sky130_fd_sc_hd__or2b_1)
                                         _207_ (net)
                  0.07    0.00    2.60 ^ _457_/A1 (sky130_fd_sc_hd__a21oi_2)
     4    0.01    0.04    0.07    2.67 v _457_/Y (sky130_fd_sc_hd__a21oi_2)
                                         _220_ (net)
                  0.04    0.00    2.67 v _472_/B1 (sky130_fd_sc_hd__a21oi_1)
     1    0.01    0.14    0.14    2.81 ^ _472_/Y (sky130_fd_sc_hd__a21oi_1)
                                         _235_ (net)
                  0.14    0.00    2.81 ^ _473_/B (sky130_fd_sc_hd__xnor2_1)
     1    0.00    0.04    0.07    2.89 v _473_/Y (sky130_fd_sc_hd__xnor2_1)
                                         net21 (net)
                  0.04    0.00    2.89 v output21/A (sky130_fd_sc_hd__clkbuf_4)
     1    0.04    0.09    0.17    3.06 v output21/X (sky130_fd_sc_hd__clkbuf_4)
                                         prod[13] (net)
                  0.09    0.00    3.06 v prod[13] (out)
                                  3.06   data arrival time

                  0.00    0.00    0.00   clock clk (rise edge)
                          0.00    0.00   clock network delay (ideal)
                          0.25    0.25   clock uncertainty
                          0.00    0.25   clock reconvergence pessimism
                         -2.00   -1.75   output external delay
                                 -1.75   data required time
-----------------------------------------------------------------------------
                                 -1.75   data required time
                                 -3.06   data arrival time
-----------------------------------------------------------------------------
                                  4.81   slack (MET)


Startpoint: b[4] (input port clocked by clk)
Endpoint: prod[9] (output port clocked by clk)
Path Group: clk
Path Type: min

Fanout     Cap    Slew   Delay    Time   Description
-----------------------------------------------------------------------------
                  0.00    0.00    0.00   clock clk (rise edge)
                          0.00    0.00   clock network delay (ideal)
                          2.00    2.00 v input external delay
     1    0.00    0.01    0.00    2.00 v b[4] (in)
                                         b[4] (net)
                  0.01    0.00    2.00 v input13/A (sky130_fd_sc_hd__buf_1)
     3    0.01    0.07    0.10    2.10 v input13/X (sky130_fd_sc_hd__buf_1)
                                         net13 (net)
                  0.07    0.00    2.10 v _516_/A (sky130_fd_sc_hd__buf_2)
    10    0.02    0.06    0.16    2.26 v _516_/X (sky130_fd_sc_hd__buf_2)
                                         _265_ (net)
                  0.06    0.00    2.26 v _324_/B (sky130_fd_sc_hd__nand2_1)
     4    0.01    0.11    0.11    2.38 ^ _324_/Y (sky130_fd_sc_hd__nand2_1)
                                         _089_ (net)
                  0.11    0.00    2.38 ^ _326_/B (sky130_fd_sc_hd__nand2_1)
     1    0.00    0.04    0.06    2.44 v _326_/Y (sky130_fd_sc_hd__nand2_1)
                                         _091_ (net)
                  0.04    0.00    2.44 v _327_/B (sky130_fd_sc_hd__nand2_1)
     2    0.01    0.07    0.08    2.52 ^ _327_/Y (sky130_fd_sc_hd__nand2_1)
                                         _092_ (net)
                  0.07    0.00    2.52 ^ _346_/A (sky130_fd_sc_hd__xnor2_1)
     2    0.01    0.11    0.15    2.67 ^ _346_/Y (sky130_fd_sc_hd__xnor2_1)
                                         _111_ (net)
                  0.11    0.00    2.67 ^ _348_/A2 (sky130_fd_sc_hd__a21o_1)
     2    0.01    0.08    0.15    2.82 ^ _348_/X (sky130_fd_sc_hd__a21o_1)
                                         _113_ (net)
                  0.08    0.00    2.82 ^ _493_/A (sky130_fd_sc_hd__xor2_1)
     1    0.00    0.04    0.07    2.89 v _493_/X (sky130_fd_sc_hd__xor2_1)
                                         net32 (net)
                  0.04    0.00    2.89 v output32/A (sky130_fd_sc_hd__clkbuf_4)
     1    0.04    0.09    0.18    3.07 v output32/X (sky130_fd_sc_hd__clkbuf_4)
                                         prod[9] (net)
                  0.09    0.00    3.07 v prod[9] (out)
                                  3.07   data arrival time

                  0.00    0.00    0.00   clock clk (rise edge)
                          0.00    0.00   clock network delay (ideal)
                          0.25    0.25   clock uncertainty
                          0.00    0.25   clock reconvergence pessimism
                         -2.00   -1.75   output external delay
                                 -1.75   data required time
-----------------------------------------------------------------------------
                                 -1.75   data required time
                                 -3.07   data arrival time
-----------------------------------------------------------------------------
                                  4.82   slack (MET)


Startpoint: b[5] (input port clocked by clk)
Endpoint: prod[10] (output port clocked by clk)
Path Group: clk
Path Type: min

Fanout     Cap    Slew   Delay    Time   Description
-----------------------------------------------------------------------------
                  0.00    0.00    0.00   clock clk (rise edge)
                          0.00    0.00   clock network delay (ideal)
                          2.00    2.00 v input external delay
     1    0.00    0.01    0.00    2.00 v b[5] (in)
                                         b[5] (net)
                  0.01    0.00    2.00 v input14/A (sky130_fd_sc_hd__buf_2)
    10    0.03    0.09    0.15    2.15 v input14/X (sky130_fd_sc_hd__buf_2)
                                         net14 (net)
                  0.09    0.00    2.15 v _607_/A (sky130_fd_sc_hd__inv_2)
     4    0.01    0.07    0.09    2.24 ^ _607_/Y (sky130_fd_sc_hd__inv_2)
                                         _042_ (net)
                  0.07    0.00    2.24 ^ _351_/B (sky130_fd_sc_hd__or3_1)
     2    0.01    0.06    0.11    2.35 ^ _351_/X (sky130_fd_sc_hd__or3_1)
                                         _116_ (net)
                  0.06    0.00    2.35 ^ _388_/B (sky130_fd_sc_hd__and3_1)
     2    0.01    0.09    0.17    2.52 ^ _388_/X (sky130_fd_sc_hd__and3_1)
                                         _153_ (net)
                  0.09    0.00    2.52 ^ _404_/A (sky130_fd_sc_hd__nor3_1)
     1    0.00    0.04    0.06    2.58 v _404_/Y (sky130_fd_sc_hd__nor3_1)
                                         _169_ (net)
                  0.04    0.00    2.58 v _405_/B (sky130_fd_sc_hd__nor2_1)
     2    0.01    0.15    0.13    2.70 ^ _405_/Y (sky130_fd_sc_hd__nor2_1)
                                         _170_ (net)
                  0.15    0.00    2.70 ^ _414_/A (sky130_fd_sc_hd__xor2_1)
     2    0.01    0.06    0.11    2.81 v _414_/X (sky130_fd_sc_hd__xor2_1)
                                         _179_ (net)
                  0.06    0.00    2.81 v _415_/B (sky130_fd_sc_hd__xor2_1)
     1    0.00    0.03    0.13    2.94 v _415_/X (sky130_fd_sc_hd__xor2_1)
                                         net18 (net)
                  0.03    0.00    2.94 v output18/A (sky130_fd_sc_hd__clkbuf_4)
     1    0.04    0.09    0.17    3.11 v output18/X (sky130_fd_sc_hd__clkbuf_4)
                                         prod[10] (net)
                  0.09    0.00    3.12 v prod[10] (out)
                                  3.12   data arrival time

                  0.00    0.00    0.00   clock clk (rise edge)
                          0.00    0.00   clock network delay (ideal)
                          0.25    0.25   clock uncertainty
                          0.00    0.25   clock reconvergence pessimism
                         -2.00   -1.75   output external delay
                                 -1.75   data required time
-----------------------------------------------------------------------------
                                 -1.75   data required time
                                 -3.12   data arrival time
-----------------------------------------------------------------------------
                                  4.87   slack (MET)


Startpoint: a[3] (input port clocked by clk)
Endpoint: prod[12] (output port clocked by clk)
Path Group: clk
Path Type: min

Fanout     Cap    Slew   Delay    Time   Description
-----------------------------------------------------------------------------
                  0.00    0.00    0.00   clock clk (rise edge)
                          0.00    0.00   clock network delay (ideal)
                          2.00    2.00 v input external delay
     1    0.00    0.01    0.01    2.01 v a[3] (in)
                                         a[3] (net)
                  0.01    0.00    2.01 v input4/A (sky130_fd_sc_hd__clkbuf_2)
     3    0.01    0.05    0.10    2.11 v input4/X (sky130_fd_sc_hd__clkbuf_2)
                                         net4 (net)
                  0.05    0.00    2.11 v _559_/A (sky130_fd_sc_hd__inv_2)
     4    0.01    0.05    0.06    2.17 ^ _559_/Y (sky130_fd_sc_hd__inv_2)
                                         _308_ (net)
                  0.05    0.00    2.17 ^ _356_/A (sky130_fd_sc_hd__or3_1)
     3    0.01    0.07    0.12    2.28 ^ _356_/X (sky130_fd_sc_hd__or3_1)
                                         _121_ (net)
                  0.07    0.00    2.28 ^ _432_/A (sky130_fd_sc_hd__and3_1)
     2    0.01    0.11    0.19    2.47 ^ _432_/X (sky130_fd_sc_hd__and3_1)
                                         _196_ (net)
                  0.11    0.00    2.47 ^ _444_/A (sky130_fd_sc_hd__or2b_1)
     2    0.01    0.07    0.13    2.60 ^ _444_/X (sky130_fd_sc_hd__or2b_1)
                                         _207_ (net)
                  0.07    0.00    2.60 ^ _458_/A (sky130_fd_sc_hd__and3_1)
     1    0.00    0.06    0.14    2.74 ^ _458_/X (sky130_fd_sc_hd__and3_1)
                                         _221_ (net)
                  0.06    0.00    2.74 ^ _459_/B (sky130_fd_sc_hd__nor2_1)
     3    0.01    0.05    0.06    2.80 v _459_/Y (sky130_fd_sc_hd__nor2_1)
                                         _222_ (net)
                  0.05    0.00    2.80 v _460_/B (sky130_fd_sc_hd__xor2_1)
     1    0.00    0.04    0.14    2.94 v _460_/X (sky130_fd_sc_hd__xor2_1)
                                         net20 (net)
                  0.04    0.00    2.94 v output20/A (sky130_fd_sc_hd__clkbuf_4)
     1    0.04    0.09    0.18    3.12 v output20/X (sky130_fd_sc_hd__clkbuf_4)
                                         prod[12] (net)
                  0.09    0.00    3.12 v prod[12] (out)
                                  3.12   data arrival time

                  0.00    0.00    0.00   clock clk (rise edge)
                          0.00    0.00   clock network delay (ideal)
                          0.25    0.25   clock uncertainty
                          0.00    0.25   clock reconvergence pessimism
                         -2.00   -1.75   output external delay
                                 -1.75   data required time
-----------------------------------------------------------------------------
                                 -1.75   data required time
                                 -3.12   data arrival time
-----------------------------------------------------------------------------
                                  4.87   slack (MET)


Startpoint: a[7] (input port clocked by clk)
Endpoint: prod[14] (output port clocked by clk)
Path Group: clk
Path Type: min

Fanout     Cap    Slew   Delay    Time   Description
-----------------------------------------------------------------------------
                  0.00    0.00    0.00   clock clk (rise edge)
                          0.00    0.00   clock network delay (ideal)
                          2.00    2.00 ^ input external delay
     1    0.00    0.02    0.01    2.01 ^ a[7] (in)
                                         a[7] (net)
                  0.02    0.00    2.01 ^ input8/A (sky130_fd_sc_hd__buf_1)
     3    0.01    0.17    0.16    2.17 ^ input8/X (sky130_fd_sc_hd__buf_1)
                                         net8 (net)
                  0.17    0.00    2.17 ^ _336_/A (sky130_fd_sc_hd__buf_2)
    10    0.02    0.11    0.19    2.36 ^ _336_/X (sky130_fd_sc_hd__buf_2)
                                         _101_ (net)
                  0.11    0.00    2.36 ^ _478_/A1 (sky130_fd_sc_hd__a31o_1)
     2    0.01    0.08    0.16    2.52 ^ _478_/X (sky130_fd_sc_hd__a31o_1)
                                         _240_ (net)
                  0.08    0.00    2.52 ^ _479_/B1 (sky130_fd_sc_hd__a21oi_1)
     2    0.01    0.04    0.05    2.57 v _479_/Y (sky130_fd_sc_hd__a21oi_1)
                                         _241_ (net)
                  0.04    0.00    2.57 v _481_/A (sky130_fd_sc_hd__nor2_1)
     2    0.01    0.12    0.12    2.69 ^ _481_/Y (sky130_fd_sc_hd__nor2_1)
                                         _243_ (net)
                  0.12    0.00    2.69 ^ _483_/B1 (sky130_fd_sc_hd__a21oi_1)
     1    0.00    0.04    0.05    2.75 v _483_/Y (sky130_fd_sc_hd__a21oi_1)
                                         _245_ (net)
                  0.04    0.00    2.75 v _484_/B (sky130_fd_sc_hd__nor2_1)
     2    0.01    0.18    0.15    2.90 ^ _484_/Y (sky130_fd_sc_hd__nor2_1)
                                         _246_ (net)
                  0.18    0.00    2.90 ^ _485_/B (sky130_fd_sc_hd__xor2_1)
     1    0.00    0.04    0.09    2.98 v _485_/X (sky130_fd_sc_hd__xor2_1)
                                         net22 (net)
                  0.04    0.00    2.98 v output22/A (sky130_fd_sc_hd__clkbuf_4)
     1    0.04    0.08    0.17    3.16 v output22/X (sky130_fd_sc_hd__clkbuf_4)
                                         prod[14] (net)
                  0.08    0.00    3.16 v prod[14] (out)
                                  3.16   data arrival time

                  0.00    0.00    0.00   clock clk (rise edge)
                          0.00    0.00   clock network delay (ideal)
                          0.25    0.25   clock uncertainty
                          0.00    0.25   clock reconvergence pessimism
                         -2.00   -1.75   output external delay
                                 -1.75   data required time
-----------------------------------------------------------------------------
                                 -1.75   data required time
                                 -3.16   data arrival time
-----------------------------------------------------------------------------
                                  4.91   slack (MET)



worst slack corner Typical: 4.1909
