
===========================================================================
report_checks -unconstrained
===========================================================================
======================= Typical Corner ===================================

Startpoint: a[2] (input port clocked by clk)
Endpoint: prod[14] (output port clocked by clk)
Path Group: clk
Path Type: max

Fanout     Cap    Slew   Delay    Time   Description
-----------------------------------------------------------------------------
                  0.00    0.00    0.00   clock clk (rise edge)
                          0.00    0.00   clock network delay (ideal)
                          2.00    2.00 ^ input external delay
     1    0.00    0.02    0.01    2.01 ^ a[2] (in)
                                         a[2] (net)
                  0.02    0.00    2.01 ^ input3/A (sky130_fd_sc_hd__buf_2)
     5    0.02    0.10    0.15    2.16 ^ input3/X (sky130_fd_sc_hd__buf_2)
                                         net3 (net)
                  0.10    0.00    2.16 ^ _532_/A (sky130_fd_sc_hd__nand2_2)
     4    0.02    0.08    0.10    2.26 v _532_/Y (sky130_fd_sc_hd__nand2_2)
                                         _281_ (net)
                  0.08    0.00    2.26 v _561_/C (sky130_fd_sc_hd__or3_1)
     2    0.00    0.07    0.34    2.60 v _561_/X (sky130_fd_sc_hd__or3_1)
                                         _310_ (net)
                  0.07    0.00    2.60 v _564_/A (sky130_fd_sc_hd__and3_1)
     4    0.01    0.07    0.20    2.79 v _564_/X (sky130_fd_sc_hd__and3_1)
                                         _313_ (net)
                  0.07    0.00    2.79 v _566_/B (sky130_fd_sc_hd__or3_1)
     2    0.00    0.08    0.38    3.17 v _566_/X (sky130_fd_sc_hd__or3_1)
                                         _001_ (net)
                  0.08    0.00    3.17 v _568_/A (sky130_fd_sc_hd__and2_1)
     2    0.01    0.06    0.18    3.35 v _568_/X (sky130_fd_sc_hd__and2_1)
                                         _003_ (net)
                  0.06    0.00    3.35 v _592_/A2 (sky130_fd_sc_hd__a21bo_1)
     2    0.01    0.05    0.22    3.57 v _592_/X (sky130_fd_sc_hd__a21bo_1)
                                         _027_ (net)
                  0.05    0.00    3.57 v rebuffer17/A (sky130_fd_sc_hd__clkbuf_1)
     1    0.00    0.04    0.10    3.67 v rebuffer17/X (sky130_fd_sc_hd__clkbuf_1)
                                         net49 (net)
                  0.04    0.00    3.67 v _596_/A (sky130_fd_sc_hd__xor2_1)
     2    0.01    0.22    0.24    3.91 ^ _596_/X (sky130_fd_sc_hd__xor2_1)
                                         _031_ (net)
                  0.22    0.00    3.91 ^ _597_/B (sky130_fd_sc_hd__xor2_1)
     2    0.01    0.10    0.14    4.05 v _597_/X (sky130_fd_sc_hd__xor2_1)
                                         _032_ (net)
                  0.10    0.00    4.05 v _618_/A2 (sky130_fd_sc_hd__a21o_1)
     2    0.01    0.06    0.23    4.28 v _618_/X (sky130_fd_sc_hd__a21o_1)
                                         _053_ (net)
                  0.06    0.00    4.28 v _328_/A1 (sky130_fd_sc_hd__a21oi_1)
     2    0.01    0.19    0.20    4.47 ^ _328_/Y (sky130_fd_sc_hd__a21oi_1)
                                         _093_ (net)
                  0.19    0.00    4.47 ^ _371_/A_N (sky130_fd_sc_hd__and2b_1)
     2    0.01    0.05    0.24    4.71 v _371_/X (sky130_fd_sc_hd__and2b_1)
                                         _136_ (net)
                  0.05    0.00    4.71 v _384_/A (sky130_fd_sc_hd__xnor2_1)
     2    0.01    0.22    0.24    4.95 ^ _384_/Y (sky130_fd_sc_hd__xnor2_1)
                                         _149_ (net)
                  0.22    0.00    4.95 ^ _385_/B (sky130_fd_sc_hd__xor2_1)
     2    0.01    0.23    0.26    5.21 ^ _385_/X (sky130_fd_sc_hd__xor2_1)
                                         _150_ (net)
                  0.23    0.00    5.21 ^ _387_/A2 (sky130_fd_sc_hd__a21o_1)
     2    0.01    0.09    0.20    5.41 ^ _387_/X (sky130_fd_sc_hd__a21o_1)
                                         _152_ (net)
                  0.09    0.00    5.41 ^ _417_/A1 (sky130_fd_sc_hd__a21o_1)
     2    0.01    0.08    0.15    5.56 ^ _417_/X (sky130_fd_sc_hd__a21o_1)
                                         _181_ (net)
                  0.08    0.00    5.56 ^ _443_/A1 (sky130_fd_sc_hd__a21o_1)
     3    0.01    0.11    0.17    5.73 ^ _443_/X (sky130_fd_sc_hd__a21o_1)
                                         _206_ (net)
                  0.11    0.00    5.73 ^ _474_/A (sky130_fd_sc_hd__and3_1)
     2    0.01    0.10    0.21    5.94 ^ _474_/X (sky130_fd_sc_hd__and3_1)
                                         _236_ (net)
                  0.10    0.00    5.94 ^ _485_/A (sky130_fd_sc_hd__xor2_1)
     1    0.00    0.12    0.16    6.09 ^ _485_/X (sky130_fd_sc_hd__xor2_1)
                                         net22 (net)
                  0.12    0.00    6.09 ^ output22/A (sky130_fd_sc_hd__clkbuf_4)
     1    0.04    0.12    0.23    6.32 ^ output22/X (sky130_fd_sc_hd__clkbuf_4)
                                         prod[14] (net)
                  0.12    0.00    6.33 ^ prod[14] (out)
                                  6.33   data arrival time

                  0.00   10.00   10.00   clock clk (rise edge)
                          0.00   10.00   clock network delay (ideal)
                         -0.25    9.75   clock uncertainty
                          0.00    9.75   clock reconvergence pessimism
                         -2.00    7.75   output external delay
                                  7.75   data required time
-----------------------------------------------------------------------------
                                  7.75   data required time
                                 -6.33   data arrival time
-----------------------------------------------------------------------------
                                  1.42   slack (MET)




===========================================================================
report_checks --slack_max -0.01
============================================================================
======================= Typical Corner ===================================

No paths found.


===========================================================================
 report_check_types -max_slew -max_cap -max_fanout -violators
============================================================================
======================= Typical Corner ===================================


max slew violations count Typical: 0
max fanout violations count Typical: 0
max cap violations count Typical: 0

===========================================================================
report_parasitic_annotation -report_unannotated
============================================================================
Found 395 unannotated drivers.
 a[0]
 a[1]
 a[2]
 a[3]
 a[4]
 a[5]
 a[6]
 a[7]
 b[0]
 b[1]
 b[2]
 b[3]
 b[4]
 b[5]
 b[6]
 b[7]
 _314_/X
 _315_/Y
 _316_/Y
 _317_/X
 _318_/Y
 _319_/X
 _320_/X
 _321_/Y
 _322_/X
 _323_/Y
 _324_/Y
 _325_/X
 _326_/Y
 _327_/Y
 _328_/Y
 _329_/X
 _330_/Y
 _331_/Y
 _332_/X
 _333_/Y
 _334_/X
 _335_/X
 _336_/X
 _337_/X
 _338_/Y
 _339_/Y
 _340_/X
 _341_/X
 _342_/Y
 _343_/X
 _344_/Y
 _345_/Y
 _346_/Y
 _347_/X
 _348_/X
 _349_/X
 _350_/Y
 _351_/X
 _352_/Y
 _353_/X
 _354_/X
 _355_/Y
 _356_/X
 _357_/X
 _358_/X
 _359_/Y
 _360_/Y
 _361_/X
 _362_/Y
 _363_/Y
 _364_/X
 _365_/Y
 _366_/X
 _367_/X
 _368_/Y
 _369_/X
 _370_/X
 _371_/X
 _372_/Y
 _373_/X
 _374_/X
 _375_/X
 _376_/X
 _377_/Y
 _378_/X
 _379_/Y
 _380_/X
 _381_/Y
 _382_/X
 _383_/X
 _384_/Y
 _385_/X
 _386_/Y
 _387_/X
 _388_/X
 _389_/Y
 _390_/X
 _391_/X
 _392_/Y
 _393_/X
 _394_/Y
 _395_/Y
 _396_/X
 _397_/Y
 _398_/Y
 _399_/X
 _400_/Y
 _401_/Y
 _402_/X
 _403_/X
 _404_/Y
 _405_/Y
 _406_/X
 _407_/X
 _408_/Y
 _409_/X
 _410_/X
 _411_/Y
 _412_/X
 _413_/X
 _414_/X
 _415_/X
 _416_/X
 _417_/X
 _418_/Y
 _419_/Y
 _420_/X
 _421_/X
 _422_/X
 _423_/X
 _424_/X
 _425_/X
 _426_/Y
 _427_/X
 _428_/Y
 _429_/X
 _430_/Y
 _431_/X
 _432_/X
 _433_/Y
 _434_/Y
 _435_/X
 _436_/X
 _437_/Y
 _438_/Y
 _439_/X
 _440_/Y
 _441_/X
 _442_/X
 _443_/X
 _444_/X
 _445_/X
 _446_/Y
 _447_/X
 _448_/X
 _449_/X
 _450_/Y
 _451_/Y
 _452_/X
 _453_/X
 _454_/Y
 _455_/X
 _456_/X
 _457_/Y
 _458_/X
 _459_/Y
 _460_/X
 _461_/X
 _462_/X
 _463_/Y
 _464_/X
 _465_/X
 _466_/Y
 _467_/X
 _468_/Y
 _469_/Y
 _470_/X
 _471_/X
 _472_/Y
 _473_/Y
 _474_/X
 _475_/X
 _476_/X
 _477_/Y
 _478_/X
 _479_/Y
 _480_/X
 _481_/Y
 _482_/X
 _483_/Y
 _484_/Y
 _485_/X
 _486_/X
 _487_/X
 _488_/X
 _489_/Y
 _490_/X
 _491_/X
 _492_/X
 _493_/X
 _494_/Y
 _495_/Y
 _496_/X
 _497_/Y
 _498_/Y
 _499_/Y
 _500_/X
 _501_/Y
 _502_/X
 _503_/X
 _504_/X
 _505_/X
 _506_/X
 _507_/X
 _508_/Y
 _509_/X
 _510_/X
 _511_/X
 _512_/X
 _513_/Y
 _514_/X
 _515_/Y
 _516_/X
 _517_/X
 _518_/Y
 _519_/Y
 _520_/X
 _521_/X
 _522_/X
 _523_/X
 _524_/Y
 _525_/X
 _526_/X
 _527_/X
 _528_/Y
 _529_/X
 _530_/X
 _531_/X
 _532_/Y
 _533_/Y
 _534_/X
 _535_/X
 _536_/X
 _537_/Y
 _538_/Y
 _539_/Y
 _540_/X
 _541_/Y
 _542_/Y
 _543_/X
 _544_/Y
 _545_/Y
 _546_/Y
 _547_/X
 _548_/Y
 _549_/Y
 _550_/Y
 _551_/Y
 _552_/X
 _553_/X
 _554_/Y
 _555_/Y
 _556_/Y
 _557_/X
 _558_/Y
 _559_/Y
 _560_/Y
 _561_/X
 _562_/X
 _563_/Y
 _564_/X
 _565_/Y
 _566_/X
 _567_/Y
 _568_/X
 _569_/X
 _570_/X
 _571_/Y
 _572_/Y
 _573_/Y
 _574_/Y
 _575_/X
 _576_/Y
 _577_/X
 _578_/Y
 _579_/Y
 _580_/X
 _581_/X
 _582_/X
 _583_/Y
 _584_/Y
 _585_/X
 _586_/Y
 _587_/Y
 _588_/Y
 _589_/X
 _590_/Y
 _591_/X
 _592_/X
 _593_/X
 _594_/X
 _595_/X
 _596_/X
 _597_/X
 _598_/X
 _599_/X
 _600_/X
 _601_/X
 _602_/X
 _603_/X
 _604_/Y
 _605_/X
 _606_/Y
 _607_/Y
 _608_/X
 _609_/X
 _610_/X
 _611_/Y
 _612_/Y
 _613_/X
 _614_/Y
 _615_/X
 _616_/Y
 _617_/Y
 _618_/X
 _619_/X
 _620_/X
 _621_/Y
 _622_/X
 _623_/X
 _624_/X
 _625_/Y
 _626_/Y
 _627_/X
 _628_/Y
 _629_/X
 _630_/Y
 _631_/X
 _632_/Y
 _633_/Y
 _634_/X
 _635_/X
 _636_/X
 _637_/Y
 _638_/X
 _639_/X
 _640_/X
 _641_/X
 _642_/Y
 _643_/X
 input1/X
 input10/X
 input11/X
 input12/X
 input13/X
 input14/X
 input15/X
 input16/X
 input2/X
 input3/X
 input4/X
 input5/X
 input6/X
 input7/X
 input8/X
 input9/X
 output17/X
 output18/X
 output19/X
 output20/X
 output21/X
 output22/X
 output23/X
 output24/X
 output25/X
 output26/X
 output27/X
 output28/X
 output29/X
 output30/X
 output31/X
 output32/X
 rebuffer1/X
 rebuffer10/X
 rebuffer11/X
 rebuffer12/X
 rebuffer13/X
 rebuffer14/X
 rebuffer15/X
 rebuffer16/X
 rebuffer17/X
 rebuffer2/X
 rebuffer3/X
 rebuffer4/X
 rebuffer5/X
 rebuffer6/X
 rebuffer7/X
 rebuffer8/X
 rebuffer9/X
Found 0 partially unannotated drivers.

===========================================================================
max slew violation count 0
max fanout violation count 0
max cap violation count 0
============================================================================

===========================================================================
check_setup -verbose -unconstrained_endpoints -multiple_clock -no_clock -no_input_delay -loops -generated_clocks
===========================================================================
